Component: ARM Compiler 5.06 update 6 (build 750) Tool: armlink [4d35ed]

==============================================================================

Section Cross References

    main.o(i.SI24R1_RXTEST) refers to _printf_percent.o(.ARM.Collect$$_printf_percent$$00000000) for _printf_percent
    main.o(i.SI24R1_RXTEST) refers to _printf_s.o(.ARM.Collect$$_printf_percent$$00000014) for _printf_s
    main.o(i.SI24R1_RXTEST) refers to _printf_str.o(.text) for _printf_str
    main.o(i.SI24R1_RXTEST) refers to rt_memclr_w.o(.text) for __aeabi_memclr4
    main.o(i.SI24R1_RXTEST) refers to 24l01.o(i.NRF24L01_RX_Mode) for NRF24L01_RX_Mode
    main.o(i.SI24R1_RXTEST) refers to delay.o(i.delay_ms) for delay_ms
    main.o(i.SI24R1_RXTEST) refers to 24l01.o(i.NRF24L01_Read_Buf) for NRF24L01_Read_Buf
    main.o(i.SI24R1_RXTEST) refers to __2printf.o(.text) for __2printf
    main.o(i.SI24R1_RXTEST) refers to 24l01.o(i.NRF24L01_RxPacket) for NRF24L01_RxPacket
    main.o(i.SI24R1_TXTEST) refers to rt_memclr_w.o(.text) for __aeabi_memclr4
    main.o(i.SI24R1_TXTEST) refers to 24l01.o(i.NRF24L01_TX_Mode) for NRF24L01_TX_Mode
    main.o(i.SI24R1_TXTEST) refers to 24l01.o(i.NRF24L01_TxPacket) for NRF24L01_TxPacket
    main.o(i.SI24R1_TXTEST) refers to __2printf.o(.text) for __2printf
    main.o(i.SI24R1_TXTEST) refers to delay.o(i.delay_ms) for delay_ms
    main.o(i.main) refers to delay.o(i.delay_init) for delay_init
    main.o(i.main) refers to misc.o(i.NVIC_PriorityGroupConfig) for NVIC_PriorityGroupConfig
    main.o(i.main) refers to usart.o(i.uart_init) for uart_init
    main.o(i.main) refers to led.o(i.Led_Init) for Led_Init
    main.o(i.main) refers to 24l01.o(i.NRF24L01_Init) for NRF24L01_Init
    main.o(i.main) refers to __2printf.o(.text) for __2printf
    main.o(i.main) refers to delay.o(i.delay_ms) for delay_ms
    main.o(i.main) refers to 24l01.o(i.NRF24L01_Check) for NRF24L01_Check
    main.o(i.main) refers to main.o(i.SI24R1_RXTEST) for SI24R1_RXTEST
    main.o(i.mpu6050_send_data) refers to main.o(i.usart1_niming_report) for usart1_niming_report
    main.o(i.usart1_niming_report) refers to main.o(i.usart1_send_char) for usart1_send_char
    main.o(i.usart1_report_imu) refers to main.o(i.usart1_niming_report) for usart1_niming_report
    main.o(i.usart1_send_char) refers to stm32f4xx_usart.o(i.USART_GetFlagStatus) for USART_GetFlagStatus
    main.o(i.usart1_send_char) refers to stm32f4xx_usart.o(i.USART_SendData) for USART_SendData
    system_stm32f4xx.o(i.SystemCoreClockUpdate) refers to system_stm32f4xx.o(.data) for SystemCoreClock
    system_stm32f4xx.o(i.SystemInit) refers to system_stm32f4xx.o(i.SetSysClock) for SetSysClock
    delay.o(i.delay_init) refers to misc.o(i.SysTick_CLKSourceConfig) for SysTick_CLKSourceConfig
    delay.o(i.delay_init) refers to delay.o(.data) for fac_us
    delay.o(i.delay_ms) refers to delay.o(i.delay_xms) for delay_xms
    delay.o(i.delay_us) refers to delay.o(.data) for fac_us
    delay.o(i.delay_xms) refers to delay.o(.data) for fac_ms
    usart.o(.rev16_text) refers (Special) to use_no_semi_2.o(.text) for __use_no_semihosting
    usart.o(.revsh_text) refers (Special) to use_no_semi_2.o(.text) for __use_no_semihosting
    usart.o(.rrx_text) refers (Special) to use_no_semi_2.o(.text) for __use_no_semihosting
    usart.o(i.USART1_IRQHandler) refers (Special) to use_no_semi_2.o(.text) for __use_no_semihosting
    usart.o(i.USART1_IRQHandler) refers to stm32f4xx_usart.o(i.USART_GetITStatus) for USART_GetITStatus
    usart.o(i.USART1_IRQHandler) refers to stm32f4xx_usart.o(i.USART_ReceiveData) for USART_ReceiveData
    usart.o(i.USART1_IRQHandler) refers to usart.o(.data) for USART_RX_STA
    usart.o(i.USART1_IRQHandler) refers to usart.o(.bss) for USART_RX_BUF
    usart.o(i._sys_exit) refers (Special) to use_no_semi_2.o(.text) for __use_no_semihosting
    usart.o(i.fputc) refers (Special) to use_no_semi_2.o(.text) for __use_no_semihosting
    usart.o(i.uart_init) refers (Special) to use_no_semi_2.o(.text) for __use_no_semihosting
    usart.o(i.uart_init) refers to stm32f4xx_rcc.o(i.RCC_AHB1PeriphClockCmd) for RCC_AHB1PeriphClockCmd
    usart.o(i.uart_init) refers to stm32f4xx_rcc.o(i.RCC_APB2PeriphClockCmd) for RCC_APB2PeriphClockCmd
    usart.o(i.uart_init) refers to stm32f4xx_gpio.o(i.GPIO_PinAFConfig) for GPIO_PinAFConfig
    usart.o(i.uart_init) refers to stm32f4xx_gpio.o(i.GPIO_Init) for GPIO_Init
    usart.o(i.uart_init) refers to stm32f4xx_usart.o(i.USART_Init) for USART_Init
    usart.o(i.uart_init) refers to stm32f4xx_usart.o(i.USART_Cmd) for USART_Cmd
    usart.o(i.uart_init) refers to stm32f4xx_usart.o(i.USART_ITConfig) for USART_ITConfig
    usart.o(i.uart_init) refers to misc.o(i.NVIC_Init) for NVIC_Init
    usart.o(.bss) refers (Special) to use_no_semi_2.o(.text) for __use_no_semihosting
    usart.o(.data) refers (Special) to use_no_semi_2.o(.text) for __use_no_semihosting
[...]
    ..\STM32F4xx_StdPeriph_Driver\src\stm32f4xx_i2c.c 0x00000000   Number         0  stm32f4xx_i2c.o ABSOLUTE
    ..\STM32F4xx_StdPeriph_Driver\src\stm32f4xx_iwdg.c 0x00000000   Number         0  stm32f4xx_iwdg.o ABSOLUTE
    ..\STM32F4xx_StdPeriph_Driver\src\stm32f4xx_pwr.c 0x00000000   Number         0  stm32f4xx_pwr.o ABSOLUTE
    ..\STM32F4xx_StdPeriph_Driver\src\stm32f4xx_rcc.c 0x00000000   Number         0  stm32f4xx_rcc.o ABSOLUTE
    ..\STM32F4xx_StdPeriph_Driver\src\stm32f4xx_rtc.c 0x00000000   Number         0  stm32f4xx_rtc.o ABSOLUTE
    ..\STM32F4xx_StdPeriph_Driver\src\stm32f4xx_sdio.c 0x00000000   Number         0  stm32f4xx_sdio.o ABSOLUTE
    ..\STM32F4xx_StdPeriph_Driver\src\stm32f4xx_spi.c 0x00000000   Number         0  stm32f4xx_spi.o ABSOLUTE
    ..\STM32F4xx_StdPeriph_Driver\src\stm32f4xx_syscfg.c 0x00000000   Number         0  stm32f4xx_syscfg.o ABSOLUTE
    ..\STM32F4xx_StdPeriph_Driver\src\stm32f4xx_tim.c 0x00000000   Number         0  stm32f4xx_tim.o ABSOLUTE
    ..\STM32F4xx_StdPeriph_Driver\src\stm32f4xx_usart.c 0x00000000   Number         0  stm32f4xx_usart.o ABSOLUTE
    ..\SYSTEM\delay\delay.c                  0x00000000   Number         0  delay.o ABSOLUTE
    ..\SYSTEM\sys\sys.c                      0x00000000   Number         0  sys.o ABSOLUTE
    ..\SYSTEM\usart\usart.c                  0x00000000   Number         0  usart.o ABSOLUTE
    ..\USB\STM32_USB_Device_Library\Class\cdc\src\usbd_cdc_core.c 0x00000000   Number         0  usbd_cdc_core.o ABSOLUTE
    ..\USB\STM32_USB_Device_Library\Core\src\usbd_core.c 0x00000000   Number         0  usbd_core.o ABSOLUTE
    ..\USB\STM32_USB_Device_Library\Core\src\usbd_ioreq.c 0x00000000   Number         0  usbd_ioreq.o ABSOLUTE
    ..\USB\STM32_USB_Device_Library\Core\src\usbd_req.c 0x00000000   Number         0  usbd_req.o ABSOLUTE
    ..\USB\STM32_USB_OTG_Driver\src\usb_core.c 0x00000000   Number         0  usb_core.o ABSOLUTE
    ..\USB\STM32_USB_OTG_Driver\src\usb_dcd.c 0x00000000   Number         0  usb_dcd.o ABSOLUTE
    ..\USB\STM32_USB_OTG_Driver\src\usb_dcd_int.c 0x00000000   Number         0  usb_dcd_int.o ABSOLUTE
    ..\USB\USB_APP\usb_bsp.c                 0x00000000   Number         0  usb_bsp.o ABSOLUTE
    ..\USB\USB_APP\usbd_cdc_vcp.c            0x00000000   Number         0  usbd_cdc_vcp.o ABSOLUTE
    ..\USB\USB_APP\usbd_desc.c               0x00000000   Number         0  usbd_desc.o ABSOLUTE
    ..\USB\USB_APP\usbd_usr.c                0x00000000   Number         0  usbd_usr.o ABSOLUTE
    ..\\HARDWARE\\IIC\\myiic.c               0x00000000   Number         0  myiic.o ABSOLUTE
    ..\\HARDWARE\\MPU6050\\eMPL\\inv_mpu.c   0x00000000   Number         0  inv_mpu.o ABSOLUTE
    ..\\HARDWARE\\MPU6050\\eMPL\\inv_mpu_dmp_motion_driver.c 0x00000000   Number         0  inv_mpu_dmp_motion_driver.o ABSOLUTE
    ..\\HARDWARE\\MPU6050\\mpu6050.c         0x00000000   Number         0  mpu6050.o ABSOLUTE
    ..\\HARDWARE\\NRF24L01\\24l01.c          0x00000000   Number         0  24l01.o ABSOLUTE
    ..\\HARDWARE\\SPI\\spi.c                 0x00000000   Number         0  spi.o ABSOLUTE
    ..\\HARDWARE\\led.c                      0x00000000   Number         0  led.o ABSOLUTE
    ..\\HARDWARE\\motor.c                    0x00000000   Number         0  motor.o ABSOLUTE
    ..\\HARDWARE\\ws2812.c                   0x00000000   Number         0  ws2812.o ABSOLUTE
    ..\\STM32F4xx_StdPeriph_Driver\\src\\misc.c 0x00000000   Number         0  misc.o ABSOLUTE
    ..\\STM32F4xx_StdPeriph_Driver\\src\\stm32f4xx_adc.c 0x00000000   Number         0  stm32f4xx_adc.o ABSOLUTE
    ..\\STM32F4xx_StdPeriph_Driver\\src\\stm32f4xx_can.c 0x00000000   Number         0  stm32f4xx_can.o ABSOLUTE
    ..\\STM32F4xx_StdPeriph_Driver\\src\\stm32f4xx_dbgmcu.c 0x00000000   Number         0  stm32f4xx_dbgmcu.o ABSOLUTE
    ..\\STM32F4xx_StdPeriph_Driver\\src\\stm32f4xx_dma.c 0x00000000   Number         0  stm32f4xx_dma.o ABSOLUTE
    ..\\STM32F4xx_StdPeriph_Driver\\src\\stm32f4xx_dma2d.c 0x00000000   Number         0  stm32f4xx_dma2d.o ABSOLUTE
    ..\\STM32F4xx_StdPeriph_Driver\\src\\stm32f4xx_exti.c 0x00000000   Number         0  stm32f4xx_exti.o ABSOLUTE
    ..\\STM32F4xx_StdPeriph_Driver\\src\\stm32f4xx_flash.c 0x00000000   Number         0  stm32f4xx_flash.o ABSOLUTE
    ..\\STM32F4xx_StdPeriph_Driver\\src\\stm32f4xx_flash_ramfunc.c 0x00000000   Number         0  stm32f4xx_flash_ramfunc.o ABSOLUTE
    ..\\STM32F4xx_StdPeriph_Driver\\src\\stm32f4xx_gpio.c 0x00000000   Number         0  stm32f4xx_gpio.o ABSOLUTE
    ..\\STM32F4xx_StdPeriph_Driver\\src\\stm32f4xx_i2c.c 0x00000000   Number         0  stm32f4xx_i2c.o ABSOLUTE
    ..\\STM32F4xx_StdPeriph_Driver\\src\\stm32f4xx_iwdg.c 0x00000000   Number         0  stm32f4xx_iwdg.o ABSOLUTE
    ..\\STM32F4xx_StdPeriph_Driver\\src\\stm32f4xx_pwr.c 0x00000000   Number         0  stm32f4xx_pwr.o ABSOLUTE
    ..\\STM32F4xx_StdPeriph_Driver\\src\\stm32f4xx_rcc.c 0x00000000   Number         0  stm32f4xx_rcc.o ABSOLUTE
    ..\\STM32F4xx_StdPeriph_Driver\\src\\stm32f4xx_rtc.c 0x00000000   Number         0  stm32f4xx_rtc.o ABSOLUTE
    ..\\STM32F4xx_StdPeriph_Driver\\src\\stm32f4xx_sdio.c 0x00000000   Number         0  stm32f4xx_sdio.o ABSOLUTE
    ..\\STM32F4xx_StdPeriph_Driver\\src\\stm32f4xx_spi.c 0x00000000   Number         0  stm32f4xx_spi.o ABSOLUTE
    ..\\STM32F4xx_StdPeriph_Driver\\src\\stm32f4xx_syscfg.c 0x00000000   Number         0  stm32f4xx_syscfg.o ABSOLUTE
    ..\\STM32F4xx_StdPeriph_Driver\\src\\stm32f4xx_tim.c 0x00000000   Number         0  stm32f4xx_tim.o ABSOLUTE
    ..\\STM32F4xx_StdPeriph_Driver\\src\\stm32f4xx_usart.c 0x00000000   Number         0  stm32f4xx_usart.o ABSOLUTE
    ..\\SYSTEM\\delay\\delay.c               0x00000000   Number         0  delay.o ABSOLUTE
    ..\\SYSTEM\\sys\\sys.c                   0x00000000   Number         0  sys.o ABSOLUTE
    ..\\SYSTEM\\usart\\usart.c               0x00000000   Number         0  usart.o ABSOLUTE
    ..\\USB\\STM32_USB_Device_Library\\Class\\cdc\\src\\usbd_cdc_core.c 0x00000000   Number         0  usbd_cdc_core.o ABSOLUTE
    ..\\USB\\STM32_USB_Device_Library\\Core\\src\\usbd_core.c 0x00000000   Number         0  usbd_core.o ABSOLUTE
    ..\\USB\\STM32_USB_Device_Library\\Core\\src\\usbd_ioreq.c 0x00000000   Number         0  usbd_ioreq.o ABSOLUTE
    ..\\USB\\STM32_USB_Device_Library\\Core\\src\\usbd_req.c 0x00000000   Number         0  usbd_req.o ABSOLUTE
    ..\\USB\\STM32_USB_OTG_Driver\\src\\usb_core.c 0x00000000   Number         0  usb_core.o ABSOLUTE
    ..\\USB\\STM32_USB_OTG_Driver\\src\\usb_dcd.c 0x00000000   Number         0  usb_dcd.o ABSOLUTE
    ..\\USB\\STM32_USB_OTG_Driver\\src\\usb_dcd_int.c 0x00000000   Number         0  usb_dcd_int.o ABSOLUTE
    ..\\USB\\USB_APP\\usb_bsp.c              0x00000000   Number         0  usb_bsp.o ABSOLUTE
    ..\\USB\\USB_APP\\usbd_cdc_vcp.c         0x00000000   Number         0  usbd_cdc_vcp.o ABSOLUTE
    ..\\USB\\USB_APP\\usbd_desc.c            0x00000000   Number         0  usbd_desc.o ABSOLUTE
    ..\\USB\\USB_APP\\usbd_usr.c             0x00000000   Number         0  usbd_usr.o ABSOLUTE
    dc.s                                     0x00000000   Number         0  dc.o ABSOLUTE
    main.c                                   0x00000000   Number         0  main.o ABSOLUTE
    main.c                                   0x00000000   Number         0  main.o ABSOLUTE
    stm32f4xx_it.c                           0x00000000   Number         0  stm32f4xx_it.o ABSOLUTE
    stm32f4xx_it.c                           0x00000000   Number         0  stm32f4xx_it.o ABSOLUTE
    system_stm32f4xx.c                       0x00000000   Number         0  system_stm32f4xx.o ABSOLUTE
    system_stm32f4xx.c                       0x00000000   Number         0  system_stm32f4xx.o ABSOLUTE
    RESET                                    0x08000000   Section      392  startup_stm32f405xx.o(RESET)
    !!!main                                  0x08000188   Section        8  __main.o(!!!main)
    !!!scatter                               0x08000190   Section       52  __scatter.o(!!!scatter)
    !!handler_copy                           0x080001c4   Section       26  __scatter_copy.o(!!handler_copy)
    !!handler_zi                             0x080001e0   Section       28  __scatter_zi.o(!!handler_zi)
    .ARM.Collect$$_printf_percent$$00000000  0x080001fc   Section        0  _printf_percent.o(.ARM.Collect$$_printf_percent$$00000000)
    .ARM.Collect$$_printf_percent$$00000014  0x080001fc   Section        6  _printf_s.o(.ARM.Collect$$_printf_percent$$00000014)
    .ARM.Collect$$_printf_percent$$00000017  0x08000202   Section        4  _printf_percent_end.o(.ARM.Collect$$_printf_percent$$00000017)
    .ARM.Collect$$libinit$$00000000          0x08000206   Section        2  libinit.o(.ARM.Collect$$libinit$$00000000)
    .ARM.Collect$$libinit$$00000001          0x08000208   Section        4  libinit2.o(.ARM.Collect$$libinit$$00000001)
    .ARM.Collect$$libinit$$00000004          0x0800020c   Section        0  libinit2.o(.ARM.Collect$$libinit$$00000004)
    .ARM.Collect$$libinit$$0000000A          0x0800020c   Section        0  libinit2.o(.ARM.Collect$$libinit$$0000000A)
    .ARM.Collect$$libinit$$0000000C          0x0800020c   Section        0  libinit2.o(.ARM.Collect$$libinit$$0000000C)
    .ARM.Collect$$libinit$$0000000E          0x0800020c   Section        0  libinit2.o(.ARM.Collect$$libinit$$0000000E)
    .ARM.Collect$$libinit$$00000011          0x0800020c   Section        0  libinit2.o(.ARM.Collect$$libinit$$00000011)
    .ARM.Collect$$libinit$$00000013          0x0800020c   Section        0  libinit2.o(.ARM.Collect$$libinit$$00000013)
    .ARM.Collect$$libinit$$00000015          0x0800020c   Section        0  libinit2.o(.ARM.Collect$$libinit$$00000015)
    .ARM.Collect$$libinit$$00000017          0x0800020c   Section        0  libinit2.o(.ARM.Collect$$libinit$$00000017)
    .ARM.Collect$$libinit$$00000019          0x0800020c   Section        0  libinit2.o(.ARM.Collect$$libinit$$00000019)
    .ARM.Collect$$libinit$$0000001B          0x0800020c   Section        0  libinit2.o(.ARM.Collect$$libinit$$0000001B)
    .ARM.Collect$$libinit$$0000001D          0x0800020c   Section        0  libinit2.o(.ARM.Collect$$libinit$$0000001D)
    .ARM.Collect$$libinit$$0000001F          0x0800020c   Section        0  libinit2.o(.ARM.Collect$$libinit$$0000001F)
    .ARM.Collect$$libinit$$00000021          0x0800020c   Section        0  libinit2.o(.ARM.Collect$$libinit$$00000021)
    .ARM.Collect$$libinit$$00000023          0x0800020c   Section        0  libinit2.o(.ARM.Collect$$libinit$$00000023)
    .ARM.Collect$$libinit$$00000025          0x0800020c   Section        0  libinit2.o(.ARM.Collect$$libinit$$00000025)
    .ARM.Collect$$libinit$$0000002C          0x0800020c   Section        0  libinit2.o(.ARM.Collect$$libinit$$0000002C)
    .ARM.Collect$$libinit$$0000002E          0x0800020c   Section        0  libinit2.o(.ARM.Collect$$libinit$$0000002E)
    .ARM.Collect$$libinit$$00000030          0x0800020c   Section        0  libinit2.o(.ARM.Collect$$libinit$$00000030)
    .ARM.Collect$$libinit$$00000032          0x0800020c   Section        0  libinit2.o(.ARM.Collect$$libinit$$00000032)
    .ARM.Collect$$libinit$$00000033          0x0800020c   Section        2  libinit2.o(.ARM.Collect$$libinit$$00000033)
    .ARM.Collect$$libshutdown$$00000000      0x0800020e   Section        2  libshutdown.o(.ARM.Collect$$libshutdown$$00000000)
    .ARM.Collect$$libshutdown$$00000002      0x08000210   Section        0  libshutdown2.o(.ARM.Collect$$libshutdown$$00000002)
    .ARM.Collect$$libshutdown$$00000004      0x08000210   Section        0  libshutdown2.o(.ARM.Collect$$libshutdown$$00000004)
    .ARM.Collect$$libshutdown$$00000007      0x08000210   Section        0  libshutdown2.o(.ARM.Collect$$libshutdown$$00000007)
    .ARM.Collect$$libshutdown$$0000000A      0x08000210   Section        0  libshutdown2.o(.ARM.Collect$$libshutdown$$0000000A)
    .ARM.Collect$$libshutdown$$0000000C      0x08000210   Section        0  libshutdown2.o(.ARM.Collect$$libshutdown$$0000000C)
    .ARM.Collect$$libshutdown$$0000000F      0x08000210   Section        0  libshutdown2.o(.ARM.Collect$$libshutdown$$0000000F)
    .ARM.Collect$$libshutdown$$00000010      0x08000210   Section        2  libshutdown2.o(.ARM.Collect$$libshutdown$$00000010)
    .ARM.Collect$$rtentry$$00000000          0x08000212   Section        0  __rtentry.o(.ARM.Collect$$rtentry$$00000000)
    .ARM.Collect$$rtentry$$00000002          0x08000212   Section        0  __rtentry2.o(.ARM.Collect$$rtentry$$00000002)
    .ARM.Collect$$rtentry$$00000004          0x08000212   Section        6  __rtentry4.o(.ARM.Collect$$rtentry$$00000004)
    .ARM.Collect$$rtentry$$00000009          0x08000218   Section        0  __rtentry2.o(.ARM.Collect$$rtentry$$00000009)
    .ARM.Collect$$rtentry$$0000000A          0x08000218   Section        4  __rtentry2.o(.ARM.Collect$$rtentry$$0000000A)
    .ARM.Collect$$rtentry$$0000000C          0x0800021c   Section        0  __rtentry2.o(.ARM.Collect$$rtentry$$0000000C)
    .ARM.Collect$$rtentry$$0000000D          0x0800021c   Section        8  __rtentry2.o(.ARM.Collect$$rtentry$$0000000D)
    .ARM.Collect$$rtexit$$00000000           0x08000224   Section        2  rtexit.o(.ARM.Collect$$rtexit$$00000000)
    .ARM.Collect$$rtexit$$00000002           0x08000226   Section        0  rtexit2.o(.ARM.Collect$$rtexit$$00000002)
    .ARM.Collect$$rtexit$$00000003           0x08000226   Section        4  rtexit2.o(.ARM.Collect$$rtexit$$00000003)
    .ARM.Collect$$rtexit$$00000004           0x0800022a   Section        6  rtexit2.o(.ARM.Collect$$rtexit$$00000004)
    .text                                    0x08000230   Section       64  startup_stm32f405xx.o(.text)
    $v0                                      0x08000230   Number         0  startup_stm32f405xx.o(.text)
    .text                                    0x08000270   Section        2  use_no_semi_2.o(.text)
    .text                                    0x08000274   Section        0  __2printf.o(.text)
    .text                                    0x0800028c   Section        0  _printf_str.o(.text)
    .text                                    0x080002e0   Section        0  __printf_flags_ss_wp.o(.text)
    .text                                    0x08000468   Section       78  rt_memclr_w.o(.text)
    .text                                    0x080004b6   Section        0  heapauxi.o(.text)
    .text                                    0x080004bc   Section        2  use_no_semi.o(.text)
    .text                                    0x080004c0   Section        0  _printf_char_common.o(.text)
    _printf_input_char                       0x080004c1   Thumb Code    10  _printf_char_common.o(.text)
    .text                                    0x080004f0   Section        0  _printf_char.o(.text)
    .text                                    0x0800051c   Section        0  _printf_char_file.o(.text)
    .text                                    0x08000540   Section        0  ferror.o(.text)
    .text                                    0x08000548   Section        8  libspace.o(.text)
    .text                                    0x08000550   Section       74  sys_stackheap_outer.o(.text)
    .text                                    0x0800059a   Section        0  exit.o(.text)
    i.BusFault_Handler                       0x080005ac   Section        0  stm32f4xx_it.o(i.BusFault_Handler)
    i.DCD_EP_ClrStall                        0x080005b0   Section        0  usb_dcd.o(i.DCD_EP_ClrStall)
    i.DCD_EP_Open                            0x080005f8   Section        0  usb_dcd.o(i.DCD_EP_Open)
    i.DCD_EP_PrepareRx                       0x08000660   Section        0  usb_dcd.o(i.DCD_EP_PrepareRx)
    i.DCD_EP_SetAddress                      0x080006b2   Section        0  usb_dcd.o(i.DCD_EP_SetAddress)
    i.DCD_EP_Stall                           0x080006ce   Section        0  usb_dcd.o(i.DCD_EP_Stall)
    i.DCD_EP_Tx                              0x08000716   Section        0  usb_dcd.o(i.DCD_EP_Tx)
    i.DCD_HandleEnumDone_ISR                 0x08000764   Section        0  usb_dcd_int.o(i.DCD_HandleEnumDone_ISR)
    DCD_HandleEnumDone_ISR                   0x08000765   Thumb Code   352  usb_dcd_int.o(i.DCD_HandleEnumDone_ISR)
    i.DCD_HandleInEP_ISR                     0x080008f0   Section        0  usb_dcd_int.o(i.DCD_HandleInEP_ISR)
    DCD_HandleInEP_ISR                       0x080008f1   Thumb Code   290  usb_dcd_int.o(i.DCD_HandleInEP_ISR)
    i.DCD_HandleOutEP_ISR                    0x08000a18   Section        0  usb_dcd_int.o(i.DCD_HandleOutEP_ISR)
    DCD_HandleOutEP_ISR                      0x08000a19   Thumb Code   252  usb_dcd_int.o(i.DCD_HandleOutEP_ISR)
    i.DCD_HandleResume_ISR                   0x08000b18   Section        0  usb_dcd_int.o(i.DCD_HandleResume_ISR)
    DCD_HandleResume_ISR                     0x08000b19   Thumb Code   102  usb_dcd_int.o(i.DCD_HandleResume_ISR)
    i.DCD_HandleRxStatusQueueLevel_ISR       0x08000b84   Section        0  usb_dcd_int.o(i.DCD_HandleRxStatusQueueLevel_ISR)
    DCD_HandleRxStatusQueueLevel_ISR         0x08000b85   Thumb Code   176  usb_dcd_int.o(i.DCD_HandleRxStatusQueueLevel_ISR)
    i.DCD_HandleSof_ISR                      0x08000c34   Section        0  usb_dcd_int.o(i.DCD_HandleSof_ISR)
    DCD_HandleSof_ISR                        0x08000c35   Thumb Code    38  usb_dcd_int.o(i.DCD_HandleSof_ISR)
    i.DCD_HandleUSBSuspend_ISR               0x08000c60   Section        0  usb_dcd_int.o(i.DCD_HandleUSBSuspend_ISR)
    DCD_HandleUSBSuspend_ISR                 0x08000c61   Thumb Code   158  usb_dcd_int.o(i.DCD_HandleUSBSuspend_ISR)
    i.DCD_HandleUsbReset_ISR                 0x08000d08   Section        0  usb_dcd_int.o(i.DCD_HandleUsbReset_ISR)
    DCD_HandleUsbReset_ISR                   0x08000d09   Thumb Code   254  usb_dcd_int.o(i.DCD_HandleUsbReset_ISR)
    i.DCD_IsoINIncomplete_ISR                0x08000e0c   Section        0  usb_dcd_int.o(i.DCD_IsoINIncomplete_ISR)
    DCD_IsoINIncomplete_ISR                  0x08000e0d   Thumb Code    40  usb_dcd_int.o(i.DCD_IsoINIncomplete_ISR)
    i.DCD_IsoOUTIncomplete_ISR               0x08000e38   Section        0  usb_dcd_int.o(i.DCD_IsoOUTIncomplete_ISR)
    DCD_IsoOUTIncomplete_ISR                 0x08000e39   Thumb Code    40  usb_dcd_int.o(i.DCD_IsoOUTIncomplete_ISR)
    i.DCD_ReadDevInEP                        0x08000e64   Section        0  usb_dcd_int.o(i.DCD_ReadDevInEP)
    DCD_ReadDevInEP                          0x08000e65   Thumb Code    40  usb_dcd_int.o(i.DCD_ReadDevInEP)
    i.DCD_WriteEmptyTxFifo                   0x08000e8c   Section        0  usb_dcd_int.o(i.DCD_WriteEmptyTxFifo)
    DCD_WriteEmptyTxFifo                     0x08000e8d   Thumb Code   172  usb_dcd_int.o(i.DCD_WriteEmptyTxFifo)
    i.DebugMon_Handler                       0x08000f38   Section        0  stm32f4xx_it.o(i.DebugMon_Handler)
    i.GPIO_Init                              0x08000f3a   Section        0  stm32f4xx_gpio.o(i.GPIO_Init)
    i.GPIO_PinAFConfig                       0x08000fca   Section        0  stm32f4xx_gpio.o(i.GPIO_PinAFConfig)
    i.GPIO_ResetBits                         0x08001010   Section        0  stm32f4xx_gpio.o(i.GPIO_ResetBits)
    i.HardFault_Handler                      0x08001014   Section        0  stm32f4xx_it.o(i.HardFault_Handler)
    i.Led_Init                               0x08001018   Section        0  led.o(i.Led_Init)
    i.MemManage_Handler                      0x08001058   Section        0  stm32f4xx_it.o(i.MemManage_Handler)
    i.NMI_Handler                            0x0800105c   Section        0  stm32f4xx_it.o(i.NMI_Handler)
    i.NRF24L01_Check                         0x08001060   Section        0  24l01.o(i.NRF24L01_Check)
    i.NRF24L01_Init                          0x080010b0   Section        0  24l01.o(i.NRF24L01_Init)
    i.NRF24L01_RX_Mode                       0x08001140   Section        0  24l01.o(i.NRF24L01_RX_Mode)
    i.NRF24L01_Read_Buf                      0x08001198   Section        0  24l01.o(i.NRF24L01_Read_Buf)
    i.NRF24L01_Read_Reg                      0x080011d4   Section        0  24l01.o(i.NRF24L01_Read_Reg)
    i.NRF24L01_RxPacket                      0x08001200   Section        0  24l01.o(i.NRF24L01_RxPacket)
    i.NRF24L01_Write_Buf                     0x0800123c   Section        0  24l01.o(i.NRF24L01_Write_Buf)
    i.NRF24L01_Write_Reg                     0x08001278   Section        0  24l01.o(i.NRF24L01_Write_Reg)
    i.NVIC_Init                              0x080012a8   Section        0  misc.o(i.NVIC_Init)
    i.NVIC_PriorityGroupConfig               0x08001320   Section        0  misc.o(i.NVIC_PriorityGroupConfig)
    i.OTG_FS_IRQHandler                      0x08001334   Section        0  usbd_usr.o(i.OTG_FS_IRQHandler)
    i.PendSV_Handler                         0x08001344   Section        0  stm32f4xx_it.o(i.PendSV_Handler)
    i.RCC_AHB1PeriphClockCmd                 0x08001348   Section        0  stm32f4xx_rcc.o(i.RCC_AHB1PeriphClockCmd)
    i.RCC_APB2PeriphClockCmd                 0x08001368   Section        0  stm32f4xx_rcc.o(i.RCC_APB2PeriphClockCmd)
    i.RCC_APB2PeriphResetCmd                 0x08001388   Section        0  stm32f4xx_rcc.o(i.RCC_APB2PeriphResetCmd)
    i.RCC_GetClocksFreq                      0x080013a8   Section        0  stm32f4xx_rcc.o(i.RCC_GetClocksFreq)
    i.SI24R1_RXTEST                          0x08001490   Section        0  main.o(i.SI24R1_RXTEST)
    i.SPI1_Init                              0x08001518   Section        0  spi.o(i.SPI1_Init)
    i.SPI1_ReadWriteByte                     0x080015d8   Section        0  spi.o(i.SPI1_ReadWriteByte)
    i.SPI1_SetSpeed                          0x08001610   Section        0  spi.o(i.SPI1_SetSpeed)
    i.SPI_Cmd                                0x08001638   Section        0  stm32f4xx_spi.o(i.SPI_Cmd)
    i.SPI_I2S_GetFlagStatus                  0x08001650   Section        0  stm32f4xx_spi.o(i.SPI_I2S_GetFlagStatus)
    i.SPI_I2S_ReceiveData                    0x08001662   Section        0  stm32f4xx_spi.o(i.SPI_I2S_ReceiveData)
    i.SPI_I2S_SendData                       0x08001668   Section        0  stm32f4xx_spi.o(i.SPI_I2S_SendData)
    i.SPI_Init                               0x0800166c   Section        0  stm32f4xx_spi.o(i.SPI_Init)
    i.SVC_Handler                            0x080016a8   Section        0  stm32f4xx_it.o(i.SVC_Handler)
    i.SetSysClock                            0x080016ac   Section        0  system_stm32f4xx.o(i.SetSysClock)
    SetSysClock                              0x080016ad   Thumb Code   220  system_stm32f4xx.o(i.SetSysClock)
    i.SysTick_CLKSourceConfig                0x08001798   Section        0  misc.o(i.SysTick_CLKSourceConfig)
    i.SysTick_Handler                        0x080017c0   Section        0  stm32f4xx_it.o(i.SysTick_Handler)
    i.SystemInit                             0x080017c4   Section        0  system_stm32f4xx.o(i.SystemInit)
    i.USART1_IRQHandler                      0x0800182c   Section        0  usart.o(i.USART1_IRQHandler)
    i.USART_Cmd                              0x080018b4   Section        0  stm32f4xx_usart.o(i.USART_Cmd)
    i.USART_GetITStatus                      0x080018cc   Section        0  stm32f4xx_usart.o(i.USART_GetITStatus)
    i.USART_ITConfig                         0x08001920   Section        0  stm32f4xx_usart.o(i.USART_ITConfig)
    i.USART_Init                             0x0800196c   Section        0  stm32f4xx_usart.o(i.USART_Init)
    i.USART_ReceiveData                      0x08001a40   Section        0  stm32f4xx_usart.o(i.USART_ReceiveData)
    i.USBD_ClrCfg                            0x08001a4a   Section        0  usbd_core.o(i.USBD_ClrCfg)
    i.USBD_ClrFeature                        0x08001a60   Section        0  usbd_req.o(i.USBD_ClrFeature)
    USBD_ClrFeature                          0x08001a61   Thumb Code    72  usbd_req.o(i.USBD_ClrFeature)
    i.USBD_CtlContinueRx                     0x08001aa8   Section        0  usbd_ioreq.o(i.USBD_CtlContinueRx)
    i.USBD_CtlContinueSendData               0x08001ac6   Section        0  usbd_ioreq.o(i.USBD_CtlContinueSendData)
    i.USBD_CtlError                          0x08001ae4   Section        0  usbd_req.o(i.USBD_CtlError)
    i.USBD_CtlReceiveStatus                  0x08001b02   Section        0  usbd_ioreq.o(i.USBD_CtlReceiveStatus)
    i.USBD_CtlSendData                       0x08001b26   Section        0  usbd_ioreq.o(i.USBD_CtlSendData)
    i.USBD_CtlSendStatus                     0x08001b54   Section        0  usbd_ioreq.o(i.USBD_CtlSendStatus)
    i.USBD_DataInStage                       0x08001b78   Section        0  usbd_core.o(i.USBD_DataInStage)
    USBD_DataInStage                         0x08001b79   Thumb Code   232  usbd_core.o(i.USBD_DataInStage)
    i.USBD_DataOutStage                      0x08001c60   Section        0  usbd_core.o(i.USBD_DataOutStage)
    USBD_DataOutStage                        0x08001c61   Thumb Code   150  usbd_core.o(i.USBD_DataOutStage)
    i.USBD_GetConfig                         0x08001cf8   Section        0  usbd_req.o(i.USBD_GetConfig)
    USBD_GetConfig                           0x08001cf9   Thumb Code    78  usbd_req.o(i.USBD_GetConfig)
    i.USBD_GetDescriptor                     0x08001d4c   Section        0  usbd_req.o(i.USBD_GetDescriptor)
    USBD_GetDescriptor                       0x08001d4d   Thumb Code   274  usbd_req.o(i.USBD_GetDescriptor)
    i.USBD_GetStatus                         0x08001e60   Section        0  usbd_req.o(i.USBD_GetStatus)
    USBD_GetStatus                           0x08001e61   Thumb Code    74  usbd_req.o(i.USBD_GetStatus)
    i.USBD_IsoINIncomplete                   0x08001eb0   Section        0  usbd_core.o(i.USBD_IsoINIncomplete)
    USBD_IsoINIncomplete                     0x08001eb1   Thumb Code    18  usbd_core.o(i.USBD_IsoINIncomplete)
    i.USBD_IsoOUTIncomplete                  0x08001ec2   Section        0  usbd_core.o(i.USBD_IsoOUTIncomplete)
    USBD_IsoOUTIncomplete                    0x08001ec3   Thumb Code    18  usbd_core.o(i.USBD_IsoOUTIncomplete)
    i.USBD_OTG_ISR_Handler                   0x08001ed4   Section        0  usb_dcd_int.o(i.USBD_OTG_ISR_Handler)
    i.USBD_ParseSetupRequest                 0x08001fb4   Section        0  usbd_req.o(i.USBD_ParseSetupRequest)
    i.USBD_Reset                             0x08001ffc   Section        0  usbd_core.o(i.USBD_Reset)
    USBD_Reset                               0x08001ffd   Thumb Code    50  usbd_core.o(i.USBD_Reset)
    i.USBD_Resume                            0x0800202e   Section        0  usbd_core.o(i.USBD_Resume)
    USBD_Resume                              0x0800202f   Thumb Code    30  usbd_core.o(i.USBD_Resume)
    i.USBD_RunTestMode                       0x0800204c   Section        0  usbd_core.o(i.USBD_RunTestMode)
    USBD_RunTestMode                         0x0800204d   Thumb Code    14  usbd_core.o(i.USBD_RunTestMode)
    i.USBD_SOF                               0x08002060   Section        0  usbd_core.o(i.USBD_SOF)
    USBD_SOF                                 0x08002061   Thumb Code    26  usbd_core.o(i.USBD_SOF)
    i.USBD_SetAddress                        0x0800207a   Section        0  usbd_req.o(i.USBD_SetAddress)
    USBD_SetAddress                          0x0800207b   Thumb Code    92  usbd_req.o(i.USBD_SetAddress)
    i.USBD_SetCfg                            0x080020d6   Section        0  usbd_core.o(i.USBD_SetCfg)
    i.USBD_SetConfig                         0x080020f4   Section        0  usbd_req.o(i.USBD_SetConfig)
    USBD_SetConfig                           0x080020f5   Thumb Code   204  usbd_req.o(i.USBD_SetConfig)
    i.USBD_SetFeature                        0x080021c4   Section        0  usbd_req.o(i.USBD_SetFeature)
    USBD_SetFeature                          0x080021c5   Thumb Code   172  usbd_req.o(i.USBD_SetFeature)
    i.USBD_SetupStage                        0x08002274   Section        0  usbd_core.o(i.USBD_SetupStage)
    USBD_SetupStage                          0x08002275   Thumb Code    84  usbd_core.o(i.USBD_SetupStage)
    i.USBD_StdDevReq                         0x080022c8   Section        0  usbd_req.o(i.USBD_StdDevReq)
    i.USBD_StdEPReq                          0x0800233c   Section        0  usbd_req.o(i.USBD_StdEPReq)
    i.USBD_StdItfReq                         0x080024b4   Section        0  usbd_req.o(i.USBD_StdItfReq)
    i.USBD_Suspend                           0x08002500   Section        0  usbd_core.o(i.USBD_Suspend)
    USBD_Suspend                             0x08002501   Thumb Code    32  usbd_core.o(i.USBD_Suspend)
    i.USB_OTG_BSP_uDelay                     0x08002520   Section        0  usb_bsp.o(i.USB_OTG_BSP_uDelay)
    i.USB_OTG_EP0Activate                    0x0800252c   Section        0  usb_core.o(i.USB_OTG_EP0Activate)
    i.USB_OTG_EP0StartXfer                   0x080025a0   Section        0  usb_core.o(i.USB_OTG_EP0StartXfer)
    i.USB_OTG_EP0_OutStart                   0x080026f6   Section        0  usb_core.o(i.USB_OTG_EP0_OutStart)
    i.USB_OTG_EPActivate                     0x08002758   Section        0  usb_core.o(i.USB_OTG_EPActivate)
    i.USB_OTG_EPClearStall                   0x080027f0   Section        0  usb_core.o(i.USB_OTG_EPClearStall)
    i.USB_OTG_EPSetStall                     0x08002840   Section        0  usb_core.o(i.USB_OTG_EPSetStall)
    i.USB_OTG_EPStartXfer                    0x080028a4   Section        0  usb_core.o(i.USB_OTG_EPStartXfer)
    i.USB_OTG_FlushTxFifo                    0x08002aa4   Section        0  usb_core.o(i.USB_OTG_FlushTxFifo)
    i.USB_OTG_GetDeviceSpeed                 0x08002af8   Section        0  usb_core.o(i.USB_OTG_GetDeviceSpeed)
    i.USB_OTG_GetMode                        0x08002b30   Section        0  usb_core.o(i.USB_OTG_GetMode)
    i.USB_OTG_IsDeviceMode                   0x08002b3c   Section        0  usb_core.o(i.USB_OTG_IsDeviceMode)
    i.USB_OTG_ReadCoreItr                    0x08002b52   Section        0  usb_core.o(i.USB_OTG_ReadCoreItr)
    i.USB_OTG_ReadDevAllInEPItr              0x08002b62   Section        0  usb_core.o(i.USB_OTG_ReadDevAllInEPItr)
    i.USB_OTG_ReadDevAllOutEp_itr            0x08002b72   Section        0  usb_core.o(i.USB_OTG_ReadDevAllOutEp_itr)
    i.USB_OTG_ReadDevOutEP_itr               0x08002b82   Section        0  usb_core.o(i.USB_OTG_ReadDevOutEP_itr)
    i.USB_OTG_ReadPacket                     0x08002b96   Section        0  usb_core.o(i.USB_OTG_ReadPacket)
    i.USB_OTG_WritePacket                    0x08002bbe   Section        0  usb_core.o(i.USB_OTG_WritePacket)
    i.UsageFault_Handler                     0x08002bfe   Section        0  stm32f4xx_it.o(i.UsageFault_Handler)
    i._is_digit                              0x08002c02   Section        0  __printf_wp.o(i._is_digit)
    i._sys_exit                              0x08002c10   Section        0  usart.o(i._sys_exit)
    i.delay_init                             0x08002c14   Section        0  delay.o(i.delay_init)
    i.delay_ms                               0x08002c50   Section        0  delay.o(i.delay_ms)
    i.delay_us                               0x08002c88   Section        0  delay.o(i.delay_us)
    i.delay_xms                              0x08002cd4   Section        0  delay.o(i.delay_xms)
    i.fputc                                  0x08002d20   Section        0  usart.o(i.fputc)
    i.main                                   0x08002d3c   Section        0  main.o(i.main)
    i.uart_init                              0x08002da8   Section        0  usart.o(i.uart_init)
    x$fpl$fpinit                             0x08002e54   Section       10  fpinit.o(x$fpl$fpinit)
    $v0                                      0x08002e54   Number         0  fpinit.o(x$fpl$fpinit)
    .constdata                               0x08002e5e   Section       10  24l01.o(.constdata)
    .constdata                               0x08002e68   Section       17  __printf_flags_ss_wp.o(.constdata)
    maptable                                 0x08002e68   Data          17  __printf_flags_ss_wp.o(.constdata)
    .data                                    0x20000000   Section        4  delay.o(.data)
    fac_us                                   0x20000000   Data           1  delay.o(.data)
    fac_ms                                   0x20000002   Data           2  delay.o(.data)
    .data                                    0x20000004   Section        6  usart.o(.data)
    .data                                    0x2000000a   Section       16  stm32f4xx_rcc.o(.data)
    APBAHBPrescTable                         0x2000000a   Data          16  stm32f4xx_rcc.o(.data)
    .data                                    0x2000001c   Section       52  usbd_core.o(.data)
    .data                                    0x20000050   Section       13  usbd_req.o(.data)
    cfgidx                                   0x2000005c   Data           1  usbd_req.o(.data)
    .bss                                     0x20000060   Section     1524  main.o(.bss)
    .bss                                     0x20000654   Section      200  usart.o(.bss)
    .bss                                     0x2000071c   Section       96  libspace.o(.bss)
    HEAP                                     0x20000780   Section      512  startup_stm32f405xx.o(HEAP)
    Heap_Mem                                 0x20000780   Data         512  startup_stm32f405xx.o(HEAP)
    STACK                                    0x20000980   Section     1024  startup_stm32f405xx.o(STACK)
    Stack_Mem                                0x20000980   Data        1024  startup_stm32f405xx.o(STACK)
    __initial_sp                             0x20000d80   Data           0  startup_stm32f405xx.o(STACK)

    Global Symbols

    Symbol Name                              Value     Ov Type        Size  Object(Section)

    BuildAttributes$$THM_ISAv4$E$P$D$K$B$S$7EM$VFPi3$EXTD16$VFPS$VFMA$PE$A:L22UL41UL21$X:L11$S22US41US21$IEEE1$IW$USESV6$~STKCKD$USESV7$~SHL$OTIME$ROPI$IEEEX$EBA8$UX$STANDARDLIB$REQ8$PRES8$EABIv2 0x00000000   Number         0  anon$$obj.o ABSOLUTE
    __ARM_use_no_argv                        0x00000000   Number         0  main.o ABSOLUTE
    _printf_flags                            0x00000000   Number         0  printf_stubs.o ABSOLUTE
    _printf_return_value                     0x00000000   Number         0  printf_stubs.o ABSOLUTE
    _printf_sizespec                         0x00000000   Number         0  printf_stubs.o ABSOLUTE
    _printf_widthprec                        0x00000000   Number         0  printf_stubs.o ABSOLUTE
    __ARM_exceptions_init                     - Undefined Weak Reference
    __alloca_initialize                       - Undefined Weak Reference
    __arm_preinit_                            - Undefined Weak Reference
    __cpp_initialize__aeabi_                  - Undefined Weak Reference
    __cxa_finalize                            - Undefined Weak Reference
    __sigvec_lookup                           - Undefined Weak Reference
    _atexit_init                              - Undefined Weak Reference
    _call_atexit_fns                          - Undefined Weak Reference
    _clock_init                               - Undefined Weak Reference
    _fp_trap_init                             - Undefined Weak Reference
    _fp_trap_shutdown                         - Undefined Weak Reference
    _get_lc_collate                           - Undefined Weak Reference
    _get_lc_monetary                          - Undefined Weak Reference
    _get_lc_time                              - Undefined Weak Reference
    _getenv_init                              - Undefined Weak Reference
    _handle_redirection                       - Undefined Weak Reference
    _init_alloc                               - Undefined Weak Reference
    _init_user_alloc                          - Undefined Weak Reference
    _initio                                   - Undefined Weak Reference
    _mutex_acquire                            - Undefined Weak Reference
    _mutex_release                            - Undefined Weak Reference
    _printf_mbtowc                            - Undefined Weak Reference
    _printf_wc                                - Undefined Weak Reference
    _signal_finish                            - Undefined Weak Reference
    _signal_init                              - Undefined Weak Reference
    _terminate_alloc                          - Undefined Weak Reference
    _terminate_user_alloc                     - Undefined Weak Reference
    _terminateio                              - Undefined Weak Reference
    __Vectors_Size                           0x00000188   Number         0  startup_stm32f405xx.o ABSOLUTE
    __Vectors                                0x08000000   Data           4  startup_stm32f405xx.o(RESET)
    __Vectors_End                            0x08000188   Data           0  startup_stm32f405xx.o(RESET)
    __main                                   0x08000189   Thumb Code     8  __main.o(!!!main)
    __scatterload                            0x08000191   Thumb Code     0  __scatter.o(!!!scatter)
    __scatterload_rt2                        0x08000191   Thumb Code    44  __scatter.o(!!!scatter)
    __scatterload_rt2_thumb_only             0x08000191   Thumb Code     0  __scatter.o(!!!scatter)
    __scatterload_null                       0x0800019f   Thumb Code     0  __scatter.o(!!!scatter)
    __scatterload_copy                       0x080001c5   Thumb Code    26  __scatter_copy.o(!!handler_copy)
    __scatterload_zeroinit                   0x080001e1   Thumb Code    28  __scatter_zi.o(!!handler_zi)
    _printf_percent                          0x080001fd   Thumb Code     0  _printf_percent.o(.ARM.Collect$$_printf_percent$$00000000)
    _printf_s                                0x080001fd   Thumb Code     0  _printf_s.o(.ARM.Collect$$_printf_percent$$00000014)
    _printf_percent_end                      0x08000203   Thumb Code     0  _printf_percent_end.o(.ARM.Collect$$_printf_percent$$00000017)
    __rt_lib_init                            0x08000207   Thumb Code     0  libinit.o(.ARM.Collect$$libinit$$00000000)
    __rt_lib_init_fp_1                       0x08000209   Thumb Code     0  libinit2.o(.ARM.Collect$$libinit$$00000001)
    __rt_lib_init_alloca_1                   0x0800020d   Thumb Code     0  libinit2.o(.ARM.Collect$$libinit$$0000002E)
    __rt_lib_init_argv_1                     0x0800020d   Thumb Code     0  libinit2.o(.ARM.Collect$$libinit$$0000002C)
    __rt_lib_init_atexit_1                   0x0800020d   Thumb Code     0  libinit2.o(.ARM.Collect$$libinit$$0000001B)
    __rt_lib_init_clock_1                    0x0800020d   Thumb Code     0  libinit2.o(.ARM.Collect$$libinit$$00000021)
    __rt_lib_init_cpp_1                      0x0800020d   Thumb Code     0  libinit2.o(.ARM.Collect$$libinit$$00000032)
    __rt_lib_init_exceptions_1               0x0800020d   Thumb Code     0  libinit2.o(.ARM.Collect$$libinit$$00000030)
    __rt_lib_init_fp_trap_1                  0x0800020d   Thumb Code     0  libinit2.o(.ARM.Collect$$libinit$$0000001F)
    __rt_lib_init_getenv_1                   0x0800020d   Thumb Code     0  libinit2.o(.ARM.Collect$$libinit$$00000023)
    __rt_lib_init_heap_1                     0x0800020d   Thumb Code     0  libinit2.o(.ARM.Collect$$libinit$$0000000A)
    __rt_lib_init_lc_collate_1               0x0800020d   Thumb Code     0  libinit2.o(.ARM.Collect$$libinit$$00000011)
    __rt_lib_init_lc_ctype_1                 0x0800020d   Thumb Code     0  libinit2.o(.ARM.Collect$$libinit$$00000013)
    __rt_lib_init_lc_monetary_1              0x0800020d   Thumb Code     0  libinit2.o(.ARM.Collect$$libinit$$00000015)
    __rt_lib_init_lc_numeric_1               0x0800020d   Thumb Code     0  libinit2.o(.ARM.Collect$$libinit$$00000017)
    __rt_lib_init_lc_time_1                  0x0800020d   Thumb Code     0  libinit2.o(.ARM.Collect$$libinit$$00000019)
    __rt_lib_init_preinit_1                  0x0800020d   Thumb Code     0  libinit2.o(.ARM.Collect$$libinit$$00000004)
    __rt_lib_init_rand_1                     0x0800020d   Thumb Code     0  libinit2.o(.ARM.Collect$$libinit$$0000000E)
    __rt_lib_init_return                     0x0800020d   Thumb Code     0  libinit2.o(.ARM.Collect$$libinit$$00000033)
    __rt_lib_init_signal_1                   0x0800020d   Thumb Code     0  libinit2.o(.ARM.Collect$$libinit$$0000001D)
    __rt_lib_init_stdio_1                    0x0800020d   Thumb Code     0  libinit2.o(.ARM.Collect$$libinit$$00000025)
    __rt_lib_init_user_alloc_1               0x0800020d   Thumb Code     0  libinit2.o(.ARM.Collect$$libinit$$0000000C)
    __rt_lib_shutdown                        0x0800020f   Thumb Code     0  libshutdown.o(.ARM.Collect$$libshutdown$$00000000)
    __rt_lib_shutdown_cpp_1                  0x08000211   Thumb Code     0  libshutdown2.o(.ARM.Collect$$libshutdown$$00000002)
    __rt_lib_shutdown_fp_trap_1              0x08000211   Thumb Code     0  libshutdown2.o(.ARM.Collect$$libshutdown$$00000007)
    __rt_lib_shutdown_heap_1                 0x08000211   Thumb Code     0  libshutdown2.o(.ARM.Collect$$libshutdown$$0000000F)
    __rt_lib_shutdown_return                 0x08000211   Thumb Code     0  libshutdown2.o(.ARM.Collect$$libshutdown$$00000010)
    __rt_lib_shutdown_signal_1               0x08000211   Thumb Code     0  libshutdown2.o(.ARM.Collect$$libshutdown$$0000000A)
    __rt_lib_shutdown_stdio_1                0x08000211   Thumb Code     0  libshutdown2.o(.ARM.Collect$$libshutdown$$00000004)
    __rt_lib_shutdown_user_alloc_1           0x08000211   Thumb Code     0  libshutdown2.o(.ARM.Collect$$libshutdown$$0000000C)
    __rt_entry                               0x08000213   Thumb Code     0  __rtentry.o(.ARM.Collect$$rtentry$$00000000)
    __rt_entry_presh_1                       0x08000213   Thumb Code     0  __rtentry2.o(.ARM.Collect$$rtentry$$00000002)
    __rt_entry_sh                            0x08000213   Thumb Code     0  __rtentry4.o(.ARM.Collect$$rtentry$$00000004)
    __rt_entry_li                            0x08000219   Thumb Code     0  __rtentry2.o(.ARM.Collect$$rtentry$$0000000A)
    __rt_entry_postsh_1                      0x08000219   Thumb Code     0  __rtentry2.o(.ARM.Collect$$rtentry$$00000009)
    __rt_entry_main                          0x0800021d   Thumb Code     0  __rtentry2.o(.ARM.Collect$$rtentry$$0000000D)
    __rt_entry_postli_1                      0x0800021d   Thumb Code     0  __rtentry2.o(.ARM.Collect$$rtentry$$0000000C)
    __rt_exit                                0x08000225   Thumb Code     0  rtexit.o(.ARM.Collect$$rtexit$$00000000)
    __rt_exit_ls                             0x08000227   Thumb Code     0  rtexit2.o(.ARM.Collect$$rtexit$$00000003)
    __rt_exit_prels_1                        0x08000227   Thumb Code     0  rtexit2.o(.ARM.Collect$$rtexit$$00000002)
    __rt_exit_exit                           0x0800022b   Thumb Code     0  rtexit2.o(.ARM.Collect$$rtexit$$00000004)
    Reset_Handler                            0x08000231   Thumb Code     8  startup_stm32f405xx.o(.text)
    ADC_IRQHandler                           0x0800024b   Thumb Code     0  startup_stm32f405xx.o(.text)
    CAN1_RX0_IRQHandler                      0x0800024b   Thumb Code     0  startup_stm32f405xx.o(.text)
    CAN1_RX1_IRQHandler                      0x0800024b   Thumb Code     0  startup_stm32f405xx.o(.text)
    CAN1_SCE_IRQHandler                      0x0800024b   Thumb Code     0  startup_stm32f405xx.o(.text)
    CAN1_TX_IRQHandler                       0x0800024b   Thumb Code     0  startup_stm32f405xx.o(.text)
    CAN2_RX0_IRQHandler                      0x0800024b   Thumb Code     0  startup_stm32f405xx.o(.text)
    CAN2_RX1_IRQHandler                      0x0800024b   Thumb Code     0  startup_stm32f405xx.o(.text)
    CAN2_SCE_IRQHandler                      0x0800024b   Thumb Code     0  startup_stm32f405xx.o(.text)
    CAN2_TX_IRQHandler                       0x0800024b   Thumb Code     0  startup_stm32f405xx.o(.text)
    DMA1_Stream0_IRQHandler                  0x0800024b   Thumb Code     0  startup_stm32f405xx.o(.text)
    DMA1_Stream1_IRQHandler                  0x0800024b   Thumb Code     0  startup_stm32f405xx.o(.text)
    DMA1_Stream2_IRQHandler                  0x0800024b   Thumb Code     0  startup_stm32f405xx.o(.text)
    DMA1_Stream3_IRQHandler                  0x0800024b   Thumb Code     0  startup_stm32f405xx.o(.text)
    DMA1_Stream4_IRQHandler                  0x0800024b   Thumb Code     0  startup_stm32f405xx.o(.text)
    DMA1_Stream5_IRQHandler                  0x0800024b   Thumb Code     0  startup_stm32f405xx.o(.text)
    DMA1_Stream6_IRQHandler                  0x0800024b   Thumb Code     0  startup_stm32f405xx.o(.text)
    DMA1_Stream7_IRQHandler                  0x0800024b   Thumb Code     0  startup_stm32f405xx.o(.text)
    DMA2_Stream0_IRQHandler                  0x0800024b   Thumb Code     0  startup_stm32f405xx.o(.text)
    DMA2_Stream1_IRQHandler                  0x0800024b   Thumb Code     0  startup_stm32f405xx.o(.text)
    DMA2_Stream2_IRQHandler                  0x0800024b   Thumb Code     0  startup_stm32f405xx.o(.text)
    DMA2_Stream3_IRQHandler                  0x0800024b   Thumb Code     0  startup_stm32f405xx.o(.text)
    DMA2_Stream4_IRQHandler                  0x0800024b   Thumb Code     0  startup_stm32f405xx.o(.text)
    DMA2_Stream5_IRQHandler                  0x0800024b   Thumb Code     0  startup_stm32f405xx.o(.text)
    DMA2_Stream6_IRQHandler                  0x0800024b   Thumb Code     0  startup_stm32f405xx.o(.text)
    DMA2_Stream7_IRQHandler                  0x0800024b   Thumb Code     0  startup_stm32f405xx.o(.text)
    EXTI0_IRQHandler                         0x0800024b   Thumb Code     0  startup_stm32f405xx.o(.text)
    EXTI15_10_IRQHandler                     0x0800024b   Thumb Code     0  startup_stm32f405xx.o(.text)
    EXTI1_IRQHandler                         0x0800024b   Thumb Code     0  startup_stm32f405xx.o(.text)
    EXTI2_IRQHandler                         0x0800024b   Thumb Code     0  startup_stm32f405xx.o(.text)
    EXTI3_IRQHandler                         0x0800024b   Thumb Code     0  startup_stm32f405xx.o(.text)
    EXTI4_IRQHandler                         0x0800024b   Thumb Code     0  startup_stm32f405xx.o(.text)
    EXTI9_5_IRQHandler                       0x0800024b   Thumb Code     0  startup_stm32f405xx.o(.text)
    FLASH_IRQHandler                         0x0800024b   Thumb Code     0  startup_stm32f405xx.o(.text)
    FMC_IRQHandler                           0x0800024b   Thumb Code     0  startup_stm32f405xx.o(.text)
    FPU_IRQHandler                           0x0800024b   Thumb Code     0  startup_stm32f405xx.o(.text)
    HASH_RNG_IRQHandler                      0x0800024b   Thumb Code     0  startup_stm32f405xx.o(.text)
    I2C1_ER_IRQHandler                       0x0800024b   Thumb Code     0  startup_stm32f405xx.o(.text)
    I2C1_EV_IRQHandler                       0x0800024b   Thumb Code     0  startup_stm32f405xx.o(.text)
    I2C2_ER_IRQHandler                       0x0800024b   Thumb Code     0  startup_stm32f405xx.o(.text)
    I2C2_EV_IRQHandler                       0x0800024b   Thumb Code     0  startup_stm32f405xx.o(.text)
    I2C3_ER_IRQHandler                       0x0800024b   Thumb Code     0  startup_stm32f405xx.o(.text)
    I2C3_EV_IRQHandler                       0x0800024b   Thumb Code     0  startup_stm32f405xx.o(.text)
    OTG_FS_WKUP_IRQHandler                   0x0800024b   Thumb Code     0  startup_stm32f405xx.o(.text)
    OTG_HS_EP1_IN_IRQHandler                 0x0800024b   Thumb Code     0  startup_stm32f405xx.o(.text)
    OTG_HS_EP1_OUT_IRQHandler                0x0800024b   Thumb Code     0  startup_stm32f405xx.o(.text)
    OTG_HS_IRQHandler                        0x0800024b   Thumb Code     0  startup_stm32f405xx.o(.text)
    OTG_HS_WKUP_IRQHandler                   0x0800024b   Thumb Code     0  startup_stm32f405xx.o(.text)
    PVD_IRQHandler                           0x0800024b   Thumb Code     0  startup_stm32f405xx.o(.text)
    RCC_IRQHandler                           0x0800024b   Thumb Code     0  startup_stm32f405xx.o(.text)
    RTC_Alarm_IRQHandler                     0x0800024b   Thumb Code     0  startup_stm32f405xx.o(.text)
    RTC_WKUP_IRQHandler                      0x0800024b   Thumb Code     0  startup_stm32f405xx.o(.text)
    SDIO_IRQHandler                          0x0800024b   Thumb Code     0  startup_stm32f405xx.o(.text)
    SPI1_IRQHandler                          0x0800024b   Thumb Code     0  startup_stm32f405xx.o(.text)
    SPI2_IRQHandler                          0x0800024b   Thumb Code     0  startup_stm32f405xx.o(.text)
    SPI3_IRQHandler                          0x0800024b   Thumb Code     0  startup_stm32f405xx.o(.text)
    TAMP_STAMP_IRQHandler                    0x0800024b   Thumb Code     0  startup_stm32f405xx.o(.text)
    TIM1_BRK_TIM9_IRQHandler                 0x0800024b   Thumb Code     0  startup_stm32f405xx.o(.text)
    TIM1_CC_IRQHandler                       0x0800024b   Thumb Code     0  startup_stm32f405xx.o(.text)
    TIM1_TRG_COM_TIM11_IRQHandler            0x0800024b   Thumb Code     0  startup_stm32f405xx.o(.text)
    TIM1_UP_TIM10_IRQHandler                 0x0800024b   Thumb Code     0  startup_stm32f405xx.o(.text)
    TIM2_IRQHandler                          0x0800024b   Thumb Code     0  startup_stm32f405xx.o(.text)
    TIM3_IRQHandler                          0x0800024b   Thumb Code     0  startup_stm32f405xx.o(.text)
    TIM4_IRQHandler                          0x0800024b   Thumb Code     0  startup_stm32f405xx.o(.text)
    TIM5_IRQHandler                          0x0800024b   Thumb Code     0  startup_stm32f405xx.o(.text)
    TIM6_DAC_IRQHandler                      0x0800024b   Thumb Code     0  startup_stm32f405xx.o(.text)
    TIM7_IRQHandler                          0x0800024b   Thumb Code     0  startup_stm32f405xx.o(.text)
    TIM8_BRK_TIM12_IRQHandler                0x0800024b   Thumb Code     0  startup_stm32f405xx.o(.text)
    TIM8_CC_IRQHandler                       0x0800024b   Thumb Code     0  startup_stm32f405xx.o(.text)
    TIM8_TRG_COM_TIM14_IRQHandler            0x0800024b   Thumb Code     0  startup_stm32f405xx.o(.text)
    TIM8_UP_TIM13_IRQHandler                 0x0800024b   Thumb Code     0  startup_stm32f405xx.o(.text)
    UART4_IRQHandler                         0x0800024b   Thumb Code     0  startup_stm32f405xx.o(.text)
    UART5_IRQHandler                         0x0800024b   Thumb Code     0  startup_stm32f405xx.o(.text)
    USART2_IRQHandler                        0x0800024b   Thumb Code     0  startup_stm32f405xx.o(.text)
    USART3_IRQHandler                        0x0800024b   Thumb Code     0  startup_stm32f405xx.o(.text)
    USART6_IRQHandler                        0x0800024b   Thumb Code     0  startup_stm32f405xx.o(.text)
    WWDG_IRQHandler                          0x0800024b   Thumb Code     0  startup_stm32f405xx.o(.text)
    __user_initial_stackheap                 0x0800024d   Thumb Code     0  startup_stm32f405xx.o(.text)
    __use_no_semihosting                     0x08000271   Thumb Code     2  use_no_semi_2.o(.text)
    __2printf                                0x08000275   Thumb Code    20  __2printf.o(.text)
    _printf_str                              0x0800028d   Thumb Code    82  _printf_str.o(.text)
    __printf                                 0x080002e1   Thumb Code   388  __printf_flags_ss_wp.o(.text)
    __aeabi_memclr4                          0x08000469   Thumb Code     0  rt_memclr_w.o(.text)
    __aeabi_memclr8                          0x08000469   Thumb Code     0  rt_memclr_w.o(.text)
    __rt_memclr_w                            0x08000469   Thumb Code    78  rt_memclr_w.o(.text)
    _memset_w                                0x0800046d   Thumb Code     0  rt_memclr_w.o(.text)
    __use_two_region_memory                  0x080004b7   Thumb Code     2  heapauxi.o(.text)
    __rt_heap_escrow$2region                 0x080004b9   Thumb Code     2  heapauxi.o(.text)
    __rt_heap_expand$2region                 0x080004bb   Thumb Code     2  heapauxi.o(.text)
    __I$use$semihosting                      0x080004bd   Thumb Code     0  use_no_semi.o(.text)
    __use_no_semihosting_swi                 0x080004bd   Thumb Code     2  use_no_semi.o(.text)
    _printf_char_common                      0x080004cb   Thumb Code    32  _printf_char_common.o(.text)
    _printf_cs_common                        0x080004f1   Thumb Code    20  _printf_char.o(.text)
    _printf_char                             0x08000505   Thumb Code    16  _printf_char.o(.text)
    _printf_string                           0x08000515   Thumb Code     8  _printf_char.o(.text)
    _printf_char_file                        0x0800051d   Thumb Code    32  _printf_char_file.o(.text)
    ferror                                   0x08000541   Thumb Code     8  ferror.o(.text)
    __user_libspace                          0x08000549   Thumb Code     8  libspace.o(.text)
    __user_perproc_libspace                  0x08000549   Thumb Code     0  libspace.o(.text)
    __user_perthread_libspace                0x08000549   Thumb Code     0  libspace.o(.text)
    __user_setup_stackheap                   0x08000551   Thumb Code    74  sys_stackheap_outer.o(.text)
    exit                                     0x0800059b   Thumb Code    18  exit.o(.text)
    BusFault_Handler                         0x080005ad   Thumb Code     4  stm32f4xx_it.o(i.BusFault_Handler)
    DCD_EP_ClrStall                          0x080005b1   Thumb Code    72  usb_dcd.o(i.DCD_EP_ClrStall)
    DCD_EP_Open                              0x080005f9   Thumb Code   104  usb_dcd.o(i.DCD_EP_Open)
    DCD_EP_PrepareRx                         0x08000661   Thumb Code    82  usb_dcd.o(i.DCD_EP_PrepareRx)
    DCD_EP_SetAddress                        0x080006b3   Thumb Code    28  usb_dcd.o(i.DCD_EP_SetAddress)
    DCD_EP_Stall                             0x080006cf   Thumb Code    72  usb_dcd.o(i.DCD_EP_Stall)
    DCD_EP_Tx                                0x08000717   Thumb Code    78  usb_dcd.o(i.DCD_EP_Tx)
    DebugMon_Handler                         0x08000f39   Thumb Code     2  stm32f4xx_it.o(i.DebugMon_Handler)
    GPIO_Init                                0x08000f3b   Thumb Code   144  stm32f4xx_gpio.o(i.GPIO_Init)
    GPIO_PinAFConfig                         0x08000fcb   Thumb Code    70  stm32f4xx_gpio.o(i.GPIO_PinAFConfig)
    GPIO_ResetBits                           0x08001011   Thumb Code     4  stm32f4xx_gpio.o(i.GPIO_ResetBits)
    HardFault_Handler                        0x08001015   Thumb Code     4  stm32f4xx_it.o(i.HardFault_Handler)
    Led_Init                                 0x08001019   Thumb Code    58  led.o(i.Led_Init)
    MemManage_Handler                        0x08001059   Thumb Code     4  stm32f4xx_it.o(i.MemManage_Handler)
    NMI_Handler                              0x0800105d   Thumb Code     2  stm32f4xx_it.o(i.NMI_Handler)
    NRF24L01_Check                           0x08001061   Thumb Code    72  24l01.o(i.NRF24L01_Check)
    NRF24L01_Init                            0x080010b1   Thumb Code   128  24l01.o(i.NRF24L01_Init)
    NRF24L01_RX_Mode                         0x08001141   Thumb Code    76  24l01.o(i.NRF24L01_RX_Mode)
    NRF24L01_Read_Buf                        0x08001199   Thumb Code    56  24l01.o(i.NRF24L01_Read_Buf)
    NRF24L01_Read_Reg                        0x080011d5   Thumb Code    36  24l01.o(i.NRF24L01_Read_Reg)
    NRF24L01_RxPacket                        0x08001201   Thumb Code    58  24l01.o(i.NRF24L01_RxPacket)
    NRF24L01_Write_Buf                       0x0800123d   Thumb Code    56  24l01.o(i.NRF24L01_Write_Buf)
    NRF24L01_Write_Reg                       0x08001279   Thumb Code    38  24l01.o(i.NRF24L01_Write_Reg)
    NVIC_Init                                0x080012a9   Thumb Code   106  misc.o(i.NVIC_Init)
    NVIC_PriorityGroupConfig                 0x08001321   Thumb Code    10  misc.o(i.NVIC_PriorityGroupConfig)
    OTG_FS_IRQHandler                        0x08001335   Thumb Code    10  usbd_usr.o(i.OTG_FS_IRQHandler)
    PendSV_Handler                           0x08001345   Thumb Code     2  stm32f4xx_it.o(i.PendSV_Handler)
    RCC_AHB1PeriphClockCmd                   0x08001349   Thumb Code    26  stm32f4xx_rcc.o(i.RCC_AHB1PeriphClockCmd)
    RCC_APB2PeriphClockCmd                   0x08001369   Thumb Code    26  stm32f4xx_rcc.o(i.RCC_APB2PeriphClockCmd)
    RCC_APB2PeriphResetCmd                   0x08001389   Thumb Code    26  stm32f4xx_rcc.o(i.RCC_APB2PeriphResetCmd)
    RCC_GetClocksFreq                        0x080013a9   Thumb Code   214  stm32f4xx_rcc.o(i.RCC_GetClocksFreq)
    SI24R1_RXTEST                            0x08001491   Thumb Code    94  main.o(i.SI24R1_RXTEST)
    SPI1_Init                                0x08001519   Thumb Code   184  spi.o(i.SPI1_Init)
    SPI1_ReadWriteByte                       0x080015d9   Thumb Code    50  spi.o(i.SPI1_ReadWriteByte)
    SPI1_SetSpeed                            0x08001611   Thumb Code    36  spi.o(i.SPI1_SetSpeed)
    SPI_Cmd                                  0x08001639   Thumb Code    24  stm32f4xx_spi.o(i.SPI_Cmd)
    SPI_I2S_GetFlagStatus                    0x08001651   Thumb Code    18  stm32f4xx_spi.o(i.SPI_I2S_GetFlagStatus)
    SPI_I2S_ReceiveData                      0x08001663   Thumb Code     6  stm32f4xx_spi.o(i.SPI_I2S_ReceiveData)
    SPI_I2S_SendData                         0x08001669   Thumb Code     4  stm32f4xx_spi.o(i.SPI_I2S_SendData)
    SPI_Init                                 0x0800166d   Thumb Code    60  stm32f4xx_spi.o(i.SPI_Init)
    SVC_Handler                              0x080016a9   Thumb Code     2  stm32f4xx_it.o(i.SVC_Handler)
    SysTick_CLKSourceConfig                  0x08001799   Thumb Code    40  misc.o(i.SysTick_CLKSourceConfig)
    SysTick_Handler                          0x080017c1   Thumb Code     2  stm32f4xx_it.o(i.SysTick_Handler)
    SystemInit                               0x080017c5   Thumb Code    88  system_stm32f4xx.o(i.SystemInit)
    USART1_IRQHandler                        0x0800182d   Thumb Code   122  usart.o(i.USART1_IRQHandler)
    USART_Cmd                                0x080018b5   Thumb Code    24  stm32f4xx_usart.o(i.USART_Cmd)
    USART_GetITStatus                        0x080018cd   Thumb Code    84  stm32f4xx_usart.o(i.USART_GetITStatus)
    USART_ITConfig                           0x08001921   Thumb Code    74  stm32f4xx_usart.o(i.USART_ITConfig)
    USART_Init                               0x0800196d   Thumb Code   204  stm32f4xx_usart.o(i.USART_Init)
    USART_ReceiveData                        0x08001a41   Thumb Code    10  stm32f4xx_usart.o(i.USART_ReceiveData)
    USBD_ClrCfg                              0x08001a4b   Thumb Code    22  usbd_core.o(i.USBD_ClrCfg)
    USBD_CtlContinueRx                       0x08001aa9   Thumb Code    30  usbd_ioreq.o(i.USBD_CtlContinueRx)
    USBD_CtlContinueSendData                 0x08001ac7   Thumb Code    30  usbd_ioreq.o(i.USBD_CtlContinueSendData)
    USBD_CtlError                            0x08001ae5   Thumb Code    30  usbd_req.o(i.USBD_CtlError)
    USBD_CtlReceiveStatus                    0x08001b03   Thumb Code    36  usbd_ioreq.o(i.USBD_CtlReceiveStatus)
    USBD_CtlSendData                         0x08001b27   Thumb Code    46  usbd_ioreq.o(i.USBD_CtlSendData)
    USBD_CtlSendStatus                       0x08001b55   Thumb Code    36  usbd_ioreq.o(i.USBD_CtlSendStatus)
    USBD_OTG_ISR_Handler                     0x08001ed5   Thumb Code   224  usb_dcd_int.o(i.USBD_OTG_ISR_Handler)
    USBD_ParseSetupRequest                   0x08001fb5   Thumb Code    72  usbd_req.o(i.USBD_ParseSetupRequest)
    USBD_SetCfg                              0x080020d7   Thumb Code    30  usbd_core.o(i.USBD_SetCfg)
    USBD_StdDevReq                           0x080022c9   Thumb Code   114  usbd_req.o(i.USBD_StdDevReq)
    USBD_StdEPReq                            0x0800233d   Thumb Code   370  usbd_req.o(i.USBD_StdEPReq)
    USBD_StdItfReq                           0x080024b5   Thumb Code    76  usbd_req.o(i.USBD_StdItfReq)
    USB_OTG_BSP_uDelay                       0x08002521   Thumb Code    12  usb_bsp.o(i.USB_OTG_BSP_uDelay)
    USB_OTG_EP0Activate                      0x0800252d   Thumb Code   116  usb_core.o(i.USB_OTG_EP0Activate)
    USB_OTG_EP0StartXfer                     0x080025a1   Thumb Code   342  usb_core.o(i.USB_OTG_EP0StartXfer)
    USB_OTG_EP0_OutStart                     0x080026f7   Thumb Code    98  usb_core.o(i.USB_OTG_EP0_OutStart)
    USB_OTG_EPActivate                       0x08002759   Thumb Code   152  usb_core.o(i.USB_OTG_EPActivate)
    USB_OTG_EPClearStall                     0x080027f1   Thumb Code    80  usb_core.o(i.USB_OTG_EPClearStall)
    USB_OTG_EPSetStall                       0x08002841   Thumb Code   100  usb_core.o(i.USB_OTG_EPSetStall)
    USB_OTG_EPStartXfer                      0x080028a5   Thumb Code   510  usb_core.o(i.USB_OTG_EPStartXfer)
    USB_OTG_FlushTxFifo                      0x08002aa5   Thumb Code    80  usb_core.o(i.USB_OTG_FlushTxFifo)
    USB_OTG_GetDeviceSpeed                   0x08002af9   Thumb Code    56  usb_core.o(i.USB_OTG_GetDeviceSpeed)
    USB_OTG_GetMode                          0x08002b31   Thumb Code    12  usb_core.o(i.USB_OTG_GetMode)
    USB_OTG_IsDeviceMode                     0x08002b3d   Thumb Code    22  usb_core.o(i.USB_OTG_IsDeviceMode)
    USB_OTG_ReadCoreItr                      0x08002b53   Thumb Code    16  usb_core.o(i.USB_OTG_ReadCoreItr)
    USB_OTG_ReadDevAllInEPItr                0x08002b63   Thumb Code    16  usb_core.o(i.USB_OTG_ReadDevAllInEPItr)
    USB_OTG_ReadDevAllOutEp_itr              0x08002b73   Thumb Code    16  usb_core.o(i.USB_OTG_ReadDevAllOutEp_itr)
    USB_OTG_ReadDevOutEP_itr                 0x08002b83   Thumb Code    20  usb_core.o(i.USB_OTG_ReadDevOutEP_itr)
    USB_OTG_ReadPacket                       0x08002b97   Thumb Code    40  usb_core.o(i.USB_OTG_ReadPacket)
    USB_OTG_WritePacket                      0x08002bbf   Thumb Code    64  usb_core.o(i.USB_OTG_WritePacket)
    UsageFault_Handler                       0x08002bff   Thumb Code     4  stm32f4xx_it.o(i.UsageFault_Handler)
    _is_digit                                0x08002c03   Thumb Code    14  __printf_wp.o(i._is_digit)
    _sys_exit                                0x08002c11   Thumb Code     4  usart.o(i._sys_exit)
    delay_init                               0x08002c15   Thumb Code    52  delay.o(i.delay_init)
    delay_ms                                 0x08002c51   Thumb Code    56  delay.o(i.delay_ms)
    delay_us                                 0x08002c89   Thumb Code    72  delay.o(i.delay_us)
    delay_xms                                0x08002cd5   Thumb Code    72  delay.o(i.delay_xms)
    fputc                                    0x08002d21   Thumb Code    22  usart.o(i.fputc)
    main                                     0x08002d3d   Thumb Code    64  main.o(i.main)
    uart_init                                0x08002da9   Thumb Code   164  usart.o(i.uart_init)
    _fp_init                                 0x08002e55   Thumb Code    10  fpinit.o(x$fpl$fpinit)
    __fplib_config_fpu_vfp                   0x08002e5d   Thumb Code     0  fpinit.o(x$fpl$fpinit)
    __fplib_config_pureend_doubles           0x08002e5d   Thumb Code     0  fpinit.o(x$fpl$fpinit)
    TX_ADDRESS                               0x08002e5e   Data           5  24l01.o(.constdata)
    RX_ADDRESS                               0x08002e63   Data           5  24l01.o(.constdata)
    Region$$Table$$Base                      0x08002e7c   Number         0  anon$$obj.o(Region$$Table)
    Region$$Table$$Limit                     0x08002e9c   Number         0  anon$$obj.o(Region$$Table)
    __stdout                                 0x20000004   Data           4  usart.o(.data)
    USART_RX_STA                             0x20000008   Data           2  usart.o(.data)
    SET_TEST_MODE                            0x2000001c   Data           4  usbd_core.o(.data)
    USBD_DCD_INT_cb                          0x20000020   Data          44  usbd_core.o(.data)
    USBD_DCD_INT_fops                        0x2000004c   Data           4  usbd_core.o(.data)
    USBD_ep_status                           0x20000050   Data           4  usbd_req.o(.data)
    USBD_default_cfg                         0x20000054   Data           4  usbd_req.o(.data)
    USBD_cfg_status                          0x20000058   Data           4  usbd_req.o(.data)
    USB_OTG_dev                              0x20000060   Data        1524  main.o(.bss)
    USART_RX_BUF                             0x20000654   Data         200  usart.o(.bss)
    __libspace_start                         0x2000071c   Data          96  libspace.o(.bss)
    __temporary_stack_top$libspace           0x2000077c   Data           0  libspace.o(.bss)



==============================================================================

Memory Map of the image

  Image Entry point : 0x08000189

  Load Region LR_IROM1 (Base: 0x08000000, Size: 0x00002efc, Max: 0x00100000, ABSOLUTE)

    Execution Region ER_IROM1 (Exec base: 0x08000000, Load base: 0x08000000, Size: 0x00002e9c, Max: 0x00100000, ABSOLUTE)

    Exec Addr    Load Addr    Size         Type   Attr      Idx    E Section Name        Object

    0x08000000   0x08000000   0x00000188   Data   RO          527    RESET               startup_stm32f405xx.o
    0x08000188   0x08000188   0x00000008   Code   RO         6215  * !!!main             c_w.l(__main.o)
    0x08000190   0x08000190   0x00000034   Code   RO         6621    !!!scatter          c_w.l(__scatter.o)
    0x080001c4   0x080001c4   0x0000001a   Code   RO         6623    !!handler_copy      c_w.l(__scatter_copy.o)
    0x080001de   0x080001de   0x00000002   PAD
    0x080001e0   0x080001e0   0x0000001c   Code   RO         6625    !!handler_zi        c_w.l(__scatter_zi.o)
    0x080001fc   0x080001fc   0x00000000   Code   RO         6199    .ARM.Collect$$_printf_percent$$00000000  c_w.l(_printf_percent.o)
    0x080001fc   0x080001fc   0x00000006   Code   RO         6196    .ARM.Collect$$_printf_percent$$00000014  c_w.l(_printf_s.o)
    0x08000202   0x08000202   0x00000004   Code   RO         6307    .ARM.Collect$$_printf_percent$$00000017  c_w.l(_printf_percent_end.o)
    0x08000206   0x08000206   0x00000002   Code   RO         6538    .ARM.Collect$$libinit$$00000000  c_w.l(libinit.o)
    0x08000208   0x08000208   0x00000004   Code   RO         6319    .ARM.Collect$$libinit$$00000001  c_w.l(libinit2.o)
    0x0800020c   0x0800020c   0x00000000   Code   RO         6322    .ARM.Collect$$libinit$$00000004  c_w.l(libinit2.o)
    0x0800020c   0x0800020c   0x00000000   Code   RO         6325    .ARM.Collect$$libinit$$0000000A  c_w.l(libinit2.o)
    0x0800020c   0x0800020c   0x00000000   Code   RO         6327    .ARM.Collect$$libinit$$0000000C  c_w.l(libinit2.o)
    0x0800020c   0x0800020c   0x00000000   Code   RO         6329    .ARM.Collect$$libinit$$0000000E  c_w.l(libinit2.o)
    0x0800020c   0x0800020c   0x00000000   Code   RO         6332    .ARM.Collect$$libinit$$00000011  c_w.l(libinit2.o)
    0x0800020c   0x0800020c   0x00000000   Code   RO         6334    .ARM.Collect$$libinit$$00000013  c_w.l(libinit2.o)
    0x0800020c   0x0800020c   0x00000000   Code   RO         6336    .ARM.Collect$$libinit$$00000015  c_w.l(libinit2.o)
    0x0800020c   0x0800020c   0x00000000   Code   RO         6338    .ARM.Collect$$libinit$$00000017  c_w.l(libinit2.o)
    0x0800020c   0x0800020c   0x00000000   Code   RO         6340    .ARM.Collect$$libinit$$00000019  c_w.l(libinit2.o)
    0x0800020c   0x0800020c   0x00000000   Code   RO         6342    .ARM.Collect$$libinit$$0000001B  c_w.l(libinit2.o)
    0x0800020c   0x0800020c   0x00000000   Code   RO         6344    .ARM.Collect$$libinit$$0000001D  c_w.l(libinit2.o)
    0x0800020c   0x0800020c   0x00000000   Code   RO         6346    .ARM.Collect$$libinit$$0000001F  c_w.l(libinit2.o)
    0x0800020c   0x0800020c   0x00000000   Code   RO         6348    .ARM.Collect$$libinit$$00000021  c_w.l(libinit2.o)
    0x0800020c   0x0800020c   0x00000000   Code   RO         6350    .ARM.Collect$$libinit$$00000023  c_w.l(libinit2.o)
    0x0800020c   0x0800020c   0x00000000   Code   RO         6352    .ARM.Collect$$libinit$$00000025  c_w.l(libinit2.o)
    0x0800020c   0x0800020c   0x00000000   Code   RO         6356    .ARM.Collect$$libinit$$0000002C  c_w.l(libinit2.o)
    0x0800020c   0x0800020c   0x00000000   Code   RO         6358    .ARM.Collect$$libinit$$0000002E  c_w.l(libinit2.o)
    0x0800020c   0x0800020c   0x00000000   Code   RO         6360    .ARM.Collect$$libinit$$00000030  c_w.l(libinit2.o)
    0x0800020c   0x0800020c   0x00000000   Code   RO         6362    .ARM.Collect$$libinit$$00000032  c_w.l(libinit2.o)
    0x0800020c   0x0800020c   0x00000002   Code   RO         6363    .ARM.Collect$$libinit$$00000033  c_w.l(libinit2.o)
    0x0800020e   0x0800020e   0x00000002   Code   RO         6584    .ARM.Collect$$libshutdown$$00000000  c_w.l(libshutdown.o)
    0x08000210   0x08000210   0x00000000   Code   RO         6590    .ARM.Collect$$libshutdown$$00000002  c_w.l(libshutdown2.o)
    0x08000210   0x08000210   0x00000000   Code   RO         6592    .ARM.Collect$$libshutdown$$00000004  c_w.l(libshutdown2.o)
    0x08000210   0x08000210   0x00000000   Code   RO         6595    .ARM.Collect$$libshutdown$$00000007  c_w.l(libshutdown2.o)
    0x08000210   0x08000210   0x00000000   Code   RO         6598    .ARM.Collect$$libshutdown$$0000000A  c_w.l(libshutdown2.o)
    0x08000210   0x08000210   0x00000000   Code   RO         6600    .ARM.Collect$$libshutdown$$0000000C  c_w.l(libshutdown2.o)
    0x08000210   0x08000210   0x00000000   Code   RO         6603    .ARM.Collect$$libshutdown$$0000000F  c_w.l(libshutdown2.o)
    0x08000210   0x08000210   0x00000002   Code   RO         6604    .ARM.Collect$$libshutdown$$00000010  c_w.l(libshutdown2.o)
    0x08000212   0x08000212   0x00000000   Code   RO         6267    .ARM.Collect$$rtentry$$00000000  c_w.l(__rtentry.o)
    0x08000212   0x08000212   0x00000000   Code   RO         6435    .ARM.Collect$$rtentry$$00000002  c_w.l(__rtentry2.o)
    0x08000212   0x08000212   0x00000006   Code   RO         6447    .ARM.Collect$$rtentry$$00000004  c_w.l(__rtentry4.o)
    0x08000218   0x08000218   0x00000000   Code   RO         6437    .ARM.Collect$$rtentry$$00000009  c_w.l(__rtentry2.o)
    0x08000218   0x08000218   0x00000004   Code   RO         6438    .ARM.Collect$$rtentry$$0000000A  c_w.l(__rtentry2.o)
    0x0800021c   0x0800021c   0x00000000   Code   RO         6440    .ARM.Collect$$rtentry$$0000000C  c_w.l(__rtentry2.o)
    0x0800021c   0x0800021c   0x00000008   Code   RO         6441    .ARM.Collect$$rtentry$$0000000D  c_w.l(__rtentry2.o)
    0x08000224   0x08000224   0x00000002   Code   RO         6545    .ARM.Collect$$rtexit$$00000000  c_w.l(rtexit.o)
    0x08000226   0x08000226   0x00000000   Code   RO         6564    .ARM.Collect$$rtexit$$00000002  c_w.l(rtexit2.o)
    0x08000226   0x08000226   0x00000004   Code   RO         6565    .ARM.Collect$$rtexit$$00000003  c_w.l(rtexit2.o)
    0x0800022a   0x0800022a   0x00000006   Code   RO         6566    .ARM.Collect$$rtexit$$00000004  c_w.l(rtexit2.o)
    0x08000230   0x08000230   0x00000040   Code   RO          528    .text               startup_stm32f405xx.o
    0x08000270   0x08000270   0x00000002   Code   RO         6137    .text               c_w.l(use_no_semi_2.o)
    0x08000272   0x08000272   0x00000002   PAD
    0x08000274   0x08000274   0x00000018   Code   RO         6143    .text               c_w.l(__2printf.o)
    0x0800028c   0x0800028c   0x00000052   Code   RO         6151    .text               c_w.l(_printf_str.o)
    0x080002de   0x080002de   0x00000002   PAD
    0x080002e0   0x080002e0   0x00000188   Code   RO         6193    .text               c_w.l(__printf_flags_ss_wp.o)
    0x08000468   0x08000468   0x0000004e   Code   RO         6211    .text               c_w.l(rt_memclr_w.o)
    0x080004b6   0x080004b6   0x00000006   Code   RO         6213    .text               c_w.l(heapauxi.o)
    0x080004bc   0x080004bc   0x00000002   Code   RO         6265    .text               c_w.l(use_no_semi.o)
    0x080004be   0x080004be   0x00000002   PAD
    0x080004c0   0x080004c0   0x00000030   Code   RO         6278    .text               c_w.l(_printf_char_common.o)
    0x080004f0   0x080004f0   0x0000002c   Code   RO         6282    .text               c_w.l(_printf_char.o)
    0x0800051c   0x0800051c   0x00000024   Code   RO         6284    .text               c_w.l(_printf_char_file.o)
    0x08000540   0x08000540   0x00000008   Code   RO         6469    .text               c_w.l(ferror.o)
    0x08000548   0x08000548   0x00000008   Code   RO         6483    .text               c_w.l(libspace.o)
    0x08000550   0x08000550   0x0000004a   Code   RO         6486    .text               c_w.l(sys_stackheap_outer.o)
    0x0800059a   0x0800059a   0x00000012   Code   RO         6527    .text               c_w.l(exit.o)
    0x080005ac   0x080005ac   0x00000004   Code   RO          308    i.BusFault_Handler  stm32f4xx_it.o
    0x080005b0   0x080005b0   0x00000048   Code   RO         5327    i.DCD_EP_ClrStall   usb_dcd.o
    0x080005f8   0x080005f8   0x00000068   Code   RO         5329    i.DCD_EP_Open       usb_dcd.o
    0x08000660   0x08000660   0x00000052   Code   RO         5330    i.DCD_EP_PrepareRx  usb_dcd.o
    0x080006b2   0x080006b2   0x0000001c   Code   RO         5331    i.DCD_EP_SetAddress  usb_dcd.o
    0x080006ce   0x080006ce   0x00000048   Code   RO         5332    i.DCD_EP_Stall      usb_dcd.o
    0x08000716   0x08000716   0x0000004e   Code   RO         5333    i.DCD_EP_Tx         usb_dcd.o
    0x08000764   0x08000764   0x0000018c   Code   RO         5420    i.DCD_HandleEnumDone_ISR  usb_dcd_int.o
    0x080008f0   0x080008f0   0x00000128   Code   RO         5421    i.DCD_HandleInEP_ISR  usb_dcd_int.o
    0x08000a18   0x08000a18   0x00000100   Code   RO         5422    i.DCD_HandleOutEP_ISR  usb_dcd_int.o
    0x08000b18   0x08000b18   0x0000006c   Code   RO         5423    i.DCD_HandleResume_ISR  usb_dcd_int.o
    0x08000b84   0x08000b84   0x000000b0   Code   RO         5424    i.DCD_HandleRxStatusQueueLevel_ISR  usb_dcd_int.o
    0x08000c34   0x08000c34   0x0000002c   Code   RO         5425    i.DCD_HandleSof_ISR  usb_dcd_int.o
    0x08000c60   0x08000c60   0x000000a8   Code   RO         5426    i.DCD_HandleUSBSuspend_ISR  usb_dcd_int.o
    0x08000d08   0x08000d08   0x00000104   Code   RO         5427    i.DCD_HandleUsbReset_ISR  usb_dcd_int.o
    0x08000e0c   0x08000e0c   0x0000002c   Code   RO         5428    i.DCD_IsoINIncomplete_ISR  usb_dcd_int.o
    0x08000e38   0x08000e38   0x0000002c   Code   RO         5429    i.DCD_IsoOUTIncomplete_ISR  usb_dcd_int.o
    0x08000e64   0x08000e64   0x00000028   Code   RO         5430    i.DCD_ReadDevInEP   usb_dcd_int.o
    0x08000e8c   0x08000e8c   0x000000ac   Code   RO         5431    i.DCD_WriteEmptyTxFifo  usb_dcd_int.o
    0x08000f38   0x08000f38   0x00000002   Code   RO          309    i.DebugMon_Handler  stm32f4xx_it.o
    0x08000f3a   0x08000f3a   0x00000090   Code   RO         1669    i.GPIO_Init         stm32f4xx_gpio.o
    0x08000fca   0x08000fca   0x00000046   Code   RO         1670    i.GPIO_PinAFConfig  stm32f4xx_gpio.o
    0x08001010   0x08001010   0x00000004   Code   RO         1676    i.GPIO_ResetBits    stm32f4xx_gpio.o
    0x08001014   0x08001014   0x00000004   Code   RO          310    i.HardFault_Handler  stm32f4xx_it.o
    0x08001018   0x08001018   0x00000040   Code   RO         4046    i.Led_Init          led.o
    0x08001058   0x08001058   0x00000004   Code   RO          311    i.MemManage_Handler  stm32f4xx_it.o
    0x0800105c   0x0800105c   0x00000002   Code   RO          312    i.NMI_Handler       stm32f4xx_it.o
    0x0800105e   0x0800105e   0x00000002   PAD
    0x08001060   0x08001060   0x00000050   Code   RO         5002    i.NRF24L01_Check    24l01.o
    0x080010b0   0x080010b0   0x00000090   Code   RO         5003    i.NRF24L01_Init     24l01.o
    0x08001140   0x08001140   0x00000058   Code   RO         5004    i.NRF24L01_RX_Mode  24l01.o
    0x08001198   0x08001198   0x0000003c   Code   RO         5005    i.NRF24L01_Read_Buf  24l01.o
    0x080011d4   0x080011d4   0x0000002c   Code   RO         5006    i.NRF24L01_Read_Reg  24l01.o
    0x08001200   0x08001200   0x0000003a   Code   RO         5007    i.NRF24L01_RxPacket  24l01.o
    0x0800123a   0x0800123a   0x00000002   PAD
    0x0800123c   0x0800123c   0x0000003c   Code   RO         5011    i.NRF24L01_Write_Buf  24l01.o
    0x08001278   0x08001278   0x00000030   Code   RO         5012    i.NRF24L01_Write_Reg  24l01.o
    0x080012a8   0x080012a8   0x00000078   Code   RO          535    i.NVIC_Init         misc.o
    0x08001320   0x08001320   0x00000014   Code   RO          536    i.NVIC_PriorityGroupConfig  misc.o
    0x08001334   0x08001334   0x00000010   Code   RO         6060    i.OTG_FS_IRQHandler  usbd_usr.o
    0x08001344   0x08001344   0x00000002   Code   RO          313    i.PendSV_Handler    stm32f4xx_it.o
    0x08001346   0x08001346   0x00000002   PAD
    0x08001348   0x08001348   0x00000020   Code   RO         2166    i.RCC_AHB1PeriphClockCmd  stm32f4xx_rcc.o
    0x08001368   0x08001368   0x00000020   Code   RO         2178    i.RCC_APB2PeriphClockCmd  stm32f4xx_rcc.o
    0x08001388   0x08001388   0x00000020   Code   RO         2180    i.RCC_APB2PeriphResetCmd  stm32f4xx_rcc.o
    0x080013a8   0x080013a8   0x000000e8   Code   RO         2187    i.RCC_GetClocksFreq  stm32f4xx_rcc.o
    0x08001490   0x08001490   0x00000088   Code   RO            4    i.SI24R1_RXTEST     main.o
    0x08001518   0x08001518   0x000000c0   Code   RO         4963    i.SPI1_Init         spi.o
    0x080015d8   0x080015d8   0x00000038   Code   RO         4964    i.SPI1_ReadWriteByte  spi.o
    0x08001610   0x08001610   0x00000028   Code   RO         4965    i.SPI1_SetSpeed     spi.o
    0x08001638   0x08001638   0x00000018   Code   RO         3066    i.SPI_Cmd           stm32f4xx_spi.o
    0x08001650   0x08001650   0x00000012   Code   RO         3074    i.SPI_I2S_GetFlagStatus  stm32f4xx_spi.o
    0x08001662   0x08001662   0x00000006   Code   RO         3077    i.SPI_I2S_ReceiveData  stm32f4xx_spi.o
    0x08001668   0x08001668   0x00000004   Code   RO         3078    i.SPI_I2S_SendData  stm32f4xx_spi.o
    0x0800166c   0x0800166c   0x0000003c   Code   RO         3079    i.SPI_Init          stm32f4xx_spi.o
    0x080016a8   0x080016a8   0x00000002   Code   RO          314    i.SVC_Handler       stm32f4xx_it.o
    0x080016aa   0x080016aa   0x00000002   PAD
    0x080016ac   0x080016ac   0x000000ec   Code   RO          267    i.SetSysClock       system_stm32f4xx.o
    0x08001798   0x08001798   0x00000028   Code   RO          539    i.SysTick_CLKSourceConfig  misc.o
    0x080017c0   0x080017c0   0x00000002   Code   RO          315    i.SysTick_Handler   stm32f4xx_it.o
    0x080017c2   0x080017c2   0x00000002   PAD
    0x080017c4   0x080017c4   0x00000068   Code   RO          269    i.SystemInit        system_stm32f4xx.o
    0x0800182c   0x0800182c   0x00000088   Code   RO          475    i.USART1_IRQHandler  usart.o
    0x080018b4   0x080018b4   0x00000018   Code   RO         3858    i.USART_Cmd         stm32f4xx_usart.o
    0x080018cc   0x080018cc   0x00000054   Code   RO         3862    i.USART_GetITStatus  stm32f4xx_usart.o
    0x08001920   0x08001920   0x0000004a   Code   RO         3864    i.USART_ITConfig    stm32f4xx_usart.o
    0x0800196a   0x0800196a   0x00000002   PAD
    0x0800196c   0x0800196c   0x000000d4   Code   RO         3865    i.USART_Init        stm32f4xx_usart.o
    0x08001a40   0x08001a40   0x0000000a   Code   RO         3872    i.USART_ReceiveData  stm32f4xx_usart.o
    0x08001a4a   0x08001a4a   0x00000016   Code   RO         5508    i.USBD_ClrCfg       usbd_core.o
    0x08001a60   0x08001a60   0x00000048   Code   RO         5666    i.USBD_ClrFeature   usbd_req.o
    0x08001aa8   0x08001aa8   0x0000001e   Code   RO         5606    i.USBD_CtlContinueRx  usbd_ioreq.o
    0x08001ac6   0x08001ac6   0x0000001e   Code   RO         5607    i.USBD_CtlContinueSendData  usbd_ioreq.o
    0x08001ae4   0x08001ae4   0x0000001e   Code   RO         5667    i.USBD_CtlError     usbd_req.o
    0x08001b02   0x08001b02   0x00000024   Code   RO         5609    i.USBD_CtlReceiveStatus  usbd_ioreq.o
    0x08001b26   0x08001b26   0x0000002e   Code   RO         5610    i.USBD_CtlSendData  usbd_ioreq.o
    0x08001b54   0x08001b54   0x00000024   Code   RO         5611    i.USBD_CtlSendStatus  usbd_ioreq.o
    0x08001b78   0x08001b78   0x000000e8   Code   RO         5509    i.USBD_DataInStage  usbd_core.o
    0x08001c60   0x08001c60   0x00000096   Code   RO         5510    i.USBD_DataOutStage  usbd_core.o
    0x08001cf6   0x08001cf6   0x00000002   PAD
    0x08001cf8   0x08001cf8   0x00000054   Code   RO         5668    i.USBD_GetConfig    usbd_req.o
    0x08001d4c   0x08001d4c   0x00000112   Code   RO         5669    i.USBD_GetDescriptor  usbd_req.o
    0x08001e5e   0x08001e5e   0x00000002   PAD
    0x08001e60   0x08001e60   0x00000050   Code   RO         5671    i.USBD_GetStatus    usbd_req.o
    0x08001eb0   0x08001eb0   0x00000012   Code   RO         5513    i.USBD_IsoINIncomplete  usbd_core.o
    0x08001ec2   0x08001ec2   0x00000012   Code   RO         5514    i.USBD_IsoOUTIncomplete  usbd_core.o
    0x08001ed4   0x08001ed4   0x000000e0   Code   RO         5432    i.USBD_OTG_ISR_Handler  usb_dcd_int.o
    0x08001fb4   0x08001fb4   0x00000048   Code   RO         5673    i.USBD_ParseSetupRequest  usbd_req.o
    0x08001ffc   0x08001ffc   0x00000032   Code   RO         5515    i.USBD_Reset        usbd_core.o
    0x0800202e   0x0800202e   0x0000001e   Code   RO         5516    i.USBD_Resume       usbd_core.o
    0x0800204c   0x0800204c   0x00000014   Code   RO         5517    i.USBD_RunTestMode  usbd_core.o
    0x08002060   0x08002060   0x0000001a   Code   RO         5518    i.USBD_SOF          usbd_core.o
    0x0800207a   0x0800207a   0x0000005c   Code   RO         5674    i.USBD_SetAddress   usbd_req.o
    0x080020d6   0x080020d6   0x0000001e   Code   RO         5519    i.USBD_SetCfg       usbd_core.o
    0x080020f4   0x080020f4   0x000000d0   Code   RO         5675    i.USBD_SetConfig    usbd_req.o
    0x080021c4   0x080021c4   0x000000b0   Code   RO         5676    i.USBD_SetFeature   usbd_req.o
    0x08002274   0x08002274   0x00000054   Code   RO         5520    i.USBD_SetupStage   usbd_core.o
    0x080022c8   0x080022c8   0x00000072   Code   RO         5677    i.USBD_StdDevReq    usbd_req.o
    0x0800233a   0x0800233a   0x00000002   PAD
    0x0800233c   0x0800233c   0x00000178   Code   RO         5678    i.USBD_StdEPReq     usbd_req.o
    0x080024b4   0x080024b4   0x0000004c   Code   RO         5679    i.USBD_StdItfReq    usbd_req.o
    0x08002500   0x08002500   0x00000020   Code   RO         5521    i.USBD_Suspend      usbd_core.o
    0x08002520   0x08002520   0x0000000c   Code   RO         5848    i.USB_OTG_BSP_uDelay  usb_bsp.o
    0x0800252c   0x0800252c   0x00000074   Code   RO         5094    i.USB_OTG_EP0Activate  usb_core.o
    0x080025a0   0x080025a0   0x00000156   Code   RO         5095    i.USB_OTG_EP0StartXfer  usb_core.o
    0x080026f6   0x080026f6   0x00000062   Code   RO         5096    i.USB_OTG_EP0_OutStart  usb_core.o
    0x08002758   0x08002758   0x00000098   Code   RO         5097    i.USB_OTG_EPActivate  usb_core.o
    0x080027f0   0x080027f0   0x00000050   Code   RO         5098    i.USB_OTG_EPClearStall  usb_core.o
    0x08002840   0x08002840   0x00000064   Code   RO         5100    i.USB_OTG_EPSetStall  usb_core.o
    0x080028a4   0x080028a4   0x000001fe   Code   RO         5101    i.USB_OTG_EPStartXfer  usb_core.o
    0x08002aa2   0x08002aa2   0x00000002   PAD
    0x08002aa4   0x08002aa4   0x00000054   Code   RO         5106    i.USB_OTG_FlushTxFifo  usb_core.o
    0x08002af8   0x08002af8   0x00000038   Code   RO         5107    i.USB_OTG_GetDeviceSpeed  usb_core.o
    0x08002b30   0x08002b30   0x0000000c   Code   RO         5109    i.USB_OTG_GetMode   usb_core.o
    0x08002b3c   0x08002b3c   0x00000016   Code   RO         5111    i.USB_OTG_IsDeviceMode  usb_core.o
    0x08002b52   0x08002b52   0x00000010   Code   RO         5113    i.USB_OTG_ReadCoreItr  usb_core.o
    0x08002b62   0x08002b62   0x00000010   Code   RO         5114    i.USB_OTG_ReadDevAllInEPItr  usb_core.o
    0x08002b72   0x08002b72   0x00000010   Code   RO         5115    i.USB_OTG_ReadDevAllOutEp_itr  usb_core.o
    0x08002b82   0x08002b82   0x00000014   Code   RO         5116    i.USB_OTG_ReadDevOutEP_itr  usb_core.o
    0x08002b96   0x08002b96   0x00000028   Code   RO         5118    i.USB_OTG_ReadPacket  usb_core.o
    0x08002bbe   0x08002bbe   0x00000040   Code   RO         5124    i.USB_OTG_WritePacket  usb_core.o
    0x08002bfe   0x08002bfe   0x00000004   Code   RO          316    i.UsageFault_Handler  stm32f4xx_it.o
    0x08002c02   0x08002c02   0x0000000e   Code   RO         6186    i._is_digit         c_w.l(__printf_wp.o)
    0x08002c10   0x08002c10   0x00000004   Code   RO          476    i._sys_exit         usart.o
    0x08002c14   0x08002c14   0x0000003c   Code   RO          383    i.delay_init        delay.o
    0x08002c50   0x08002c50   0x00000038   Code   RO          384    i.delay_ms          delay.o
    0x08002c88   0x08002c88   0x0000004c   Code   RO          385    i.delay_us          delay.o
    0x08002cd4   0x08002cd4   0x0000004c   Code   RO          386    i.delay_xms         delay.o
    0x08002d20   0x08002d20   0x0000001c   Code   RO          477    i.fputc             usart.o
    0x08002d3c   0x08002d3c   0x0000006c   Code   RO            6    i.main              main.o
    0x08002da8   0x08002da8   0x000000ac   Code   RO          478    i.uart_init         usart.o
    0x08002e54   0x08002e54   0x0000000a   Code   RO         6481    x$fpl$fpinit        fz_wm.l(fpinit.o)
    0x08002e5e   0x08002e5e   0x0000000a   Data   RO         5013    .constdata          24l01.o
    0x08002e68   0x08002e68   0x00000011   Data   RO         6194    .constdata          c_w.l(__printf_flags_ss_wp.o)
    0x08002e79   0x08002e79   0x00000003   PAD
    0x08002e7c   0x08002e7c   0x00000020   Data   RO         6619    Region$$Table       anon$$obj.o


    Execution Region RW_IRAM1 (Exec base: 0x20000000, Load base: 0x08002e9c, Size: 0x00000d80, Max: 0x00020000, ABSOLUTE)

    Exec Addr    Load Addr    Size         Type   Attr      Idx    E Section Name        Object

    0x20000000   0x08002e9c   0x00000004   Data   RW          387    .data               delay.o
    0x20000004   0x08002ea0   0x00000006   Data   RW          480    .data               usart.o
    0x2000000a   0x08002ea6   0x00000010   Data   RW         2219    .data               stm32f4xx_rcc.o
    0x2000001a   0x08002eb6   0x00000002   PAD
    0x2000001c   0x08002eb8   0x00000034   Data   RW         5522    .data               usbd_core.o
    0x20000050   0x08002eec   0x0000000d   Data   RW         5680    .data               usbd_req.o
    0x2000005d   0x08002ef9   0x00000003   PAD
    0x20000060        -       0x000005f4   Zero   RW           11    .bss                main.o
    0x20000654        -       0x000000c8   Zero   RW          479    .bss                usart.o
    0x2000071c        -       0x00000060   Zero   RW         6484    .bss                c_w.l(libspace.o)
    0x2000077c   0x08002ef9   0x00000004   PAD
    0x20000780        -       0x00000200   Zero   RW          526    HEAP                startup_stm32f405xx.o
    0x20000980        -       0x00000400   Zero   RW          525    STACK               startup_stm32f405xx.o


==============================================================================

Image component sizes


      Code (inc. data)   RO Data    RW Data    ZI Data      Debug   Object Name

       582         62         10          0          0       6010   24l01.o
       268         16          0          4          0     240907   delay.o
        64          6          0          0          0        515   led.o
       244         86          0          0       1524     299029   main.o
       180         24          0          0          0       2377   misc.o
       288         18          0          0          0       1817   spi.o
        64         26        392          0       1536        836   startup_stm32f405xx.o
       218          0          0          0          0       2616   stm32f4xx_gpio.o
        26          0          0          0          0       4026   stm32f4xx_it.o
       328         36          0         16          0       5007   stm32f4xx_rcc.o
       112          0          0          0          0       3862   stm32f4xx_spi.o
       404          8          0          0          0       4626   stm32f4xx_usart.o
       340         32          0          0          0       1589   system_stm32f4xx.o
       340         28          0          6        200       4376   usart.o
        12          0          0          0          0       1073   usb_bsp.o
      1744          4          0          0          0      12993   usb_core.o
       436          0          0          0          0       4894   usb_dcd.o
      2228         98          0          0          0      10163   usb_dcd_int.o
       712          6          0         52          0       9674   usbd_core.o
       178          0          0          0          0       4092   usbd_ioreq.o
      1654         56          0         13          0       9797   usbd_req.o
        16          6          0          0          0        500   usbd_usr.o

    ----------------------------------------------------------------------
     10458        512        434         96       3260     630779   Object Totals
         0          0         32          0          0          0   (incl. Generated)
        20          0          0          5          0          0   (incl. Padding)

    ----------------------------------------------------------------------

      Code (inc. data)   RO Data    RW Data    ZI Data      Debug   Library Member Name

        24          4          0          0          0         84   __2printf.o
         8          0          0          0          0         68   __main.o
       392          4         17          0          0         92   __printf_flags_ss_wp.o
        14          0          0          0          0         68   __printf_wp.o
         0          0          0          0          0          0   __rtentry.o
        12          0          0          0          0          0   __rtentry2.o
         6          0          0          0          0          0   __rtentry4.o
        52          8          0          0          0          0   __scatter.o
        26          0          0          0          0          0   __scatter_copy.o
        28          0          0          0          0          0   __scatter_zi.o
        44          0          0          0          0        108   _printf_char.o
        48          6          0          0          0         96   _printf_char_common.o
        36          4          0          0          0         80   _printf_char_file.o
         0          0          0          0          0          0   _printf_percent.o
         4          0          0          0          0          0   _printf_percent_end.o
         6          0          0          0          0          0   _printf_s.o
        82          0          0          0          0         80   _printf_str.o
        18          0          0          0          0         80   exit.o
         8          0          0          0          0         68   ferror.o
         6          0          0          0          0        152   heapauxi.o
         2          0          0          0          0          0   libinit.o
         6          0          0          0          0          0   libinit2.o
         2          0          0          0          0          0   libshutdown.o
         2          0          0          0          0          0   libshutdown2.o
         8          4          0          0         96         68   libspace.o
        78          0          0          0          0         80   rt_memclr_w.o
         2          0          0          0          0          0   rtexit.o
        10          0          0          0          0          0   rtexit2.o
        74          0          0          0          0         80   sys_stackheap_outer.o
         2          0          0          0          0         68   use_no_semi.o
         2          0          0          0          0         68   use_no_semi_2.o
        10          0          0          0          0        116   fpinit.o

    ----------------------------------------------------------------------
      1020         30         20          0        100       1456   Library Totals
         8          0          3          0          4          0   (incl. Padding)

    ----------------------------------------------------------------------

      Code (inc. data)   RO Data    RW Data    ZI Data      Debug   Library Name

      1002         30         17          0         96       1340   c_w.l
        10          0          0          0          0        116   fz_wm.l

    ----------------------------------------------------------------------
      1020         30         20          0        100       1456   Library Totals

    ----------------------------------------------------------------------

==============================================================================


      Code (inc. data)   RO Data    RW Data    ZI Data      Debug   

     11478        542        454         96       3360     620211   Grand Totals
     11478        542        454         96       3360     620211   ELF Image Totals
     11478        542        454         96          0          0   ROM Totals

==============================================================================

    Total RO  Size (Code + RO Data)                11932 (  11.65kB)
    Total RW  Size (RW Data + ZI Data)              3456 (   3.38kB)
    Total ROM Size (Code + RO Data + RW Data)      12028 (  11.75kB)

==============================================================================

